
> silsilah-frontend@0.1.0 test
> vitest --run


[7m[1m[36m RUN [39m[22m[27m [36mv1.6.1[39m [90mC:/VSCProject/silsilah/frontend[39m

 [32mÔ£ô[39m src/utils/genealogyHierarchy.test.ts [2m ([22m[2m12 tests[22m[2m)[22m[90m 28[2mms[22m[39m
 [32mÔ£ô[39m src/__tests__/relationshipValidation.test.tsx [2m ([22m[2m4 tests[22m[2m)[22m[90m 156[2mms[22m[39m
node.exe : [90mstderr[2m | src/__tests__/rela
tionshipIntegration.test.tsx[2m > 
[22m[2mRelationshipManager Integration[2m > 
[22m[2madds a parent relationship 
successfully[22m[39m
At line:1 char:1
+ & "C:\Program Files\nodejs/node.exe" 
"C:\Program Files\nodejs/node_mo ...
+ ~~~~~~~~~~~~~~~~~~~~~~~~~~~~~~~~~~~~~~~~~~~~~
~~~~~~~~~~~~~~~~~~~~~~~~
    + CategoryInfo          : NotSpecified: ( 
   [90mstderr[2m...fully[22m[39m:String) [  
  ], RemoteException
    + FullyQualifiedErrorId : NativeCommandErr 
   or
 
Warning: An update to RelationshipManager 
inside a test was not wrapped in act(...).

When testing, code that causes React state 
updates should be wrapped into act(...):

act(() => {
  /* fire events that update state */
});
/* assert on the output */

This ensures that you're testing the behavior 
the user would see in the browser. Learn more 
at https://reactjs.org/link/wrap-tests-with-act
    at RelationshipManager (C:\VSCProject\silsi
lah\frontend\src\components\RelationshipManager
.tsx:14:3)

[90mstderr[2m | src/__tests__/relationshipInt
egration.test.tsx[2m > 
[22m[2mRelationshipManager Integration[2m > 
[22m[2madds a parent relationship 
successfully[22m[39m
Warning: An update to RelationshipManager 
inside a test was not wrapped in act(...).

When testing, code that causes React state 
updates should be wrapped into act(...):

act(() => {
  /* fire events that update state */
});
/* assert on the output */

This ensures that you're testing the behavior 
the user would see in the browser. Learn more 
at https://reactjs.org/link/wrap-tests-with-act
    at RelationshipManager (C:\VSCProject\silsi
lah\frontend\src\components\RelationshipManager
.tsx:14:3)
Warning: An update to RelationshipManager 
inside a test was not wrapped in act(...).

When testing, code that causes React state 
updates should be wrapped into act(...):

act(() => {
  /* fire events that update state */
});
/* assert on the output */

This ensures that you're testing the behavior 
the user would see in the browser. Learn more 
at https://reactjs.org/link/wrap-tests-with-act
    at RelationshipManager (C:\VSCProject\silsi
lah\frontend\src\components\RelationshipManager
.tsx:14:3)

[90mstderr[2m | src/__tests__/relationshipInt
egration.test.tsx[2m > 
[22m[2mRelationshipManager Integration[2m > 
[22m[2madds a child relationship 
successfully[22m[39m
Warning: An update to RelationshipManager 
inside a test was not wrapped in act(...).

When testing, code that causes React state 
updates should be wrapped into act(...):

act(() => {
  /* fire events that update state */
});
/* assert on the output */

This ensures that you're testing the behavior 
the user would see in the browser. Learn more 
at https://reactjs.org/link/wrap-tests-with-act
    at RelationshipManager (C:\VSCProject\silsi
lah\frontend\src\components\RelationshipManager
.tsx:14:3)

[90mstderr[2m | src/__tests__/relationshipInt
egration.test.tsx[2m > 
[22m[2mRelationshipManager Integration[2m > 
[22m[2madds a child relationship 
successfully[22m[39m
Warning: An update to RelationshipManager 
inside a test was not wrapped in act(...).

When testing, code that causes React state 
updates should be wrapped into act(...):

act(() => {
  /* fire events that update state */
});
/* assert on the output */

This ensures that you're testing the behavior 
the user would see in the browser. Learn more 
at https://reactjs.org/link/wrap-tests-with-act
    at RelationshipManager (C:\VSCProject\silsi
lah\frontend\src\components\RelationshipManager
.tsx:14:3)

[90mstderr[2m | src/__tests__/relationshipInt
egration.test.tsx[2m > 
[22m[2mRelationshipManager Integration[2m > 
[22m[2madds a child relationship 
successfully[22m[39m
Warning: An update to RelationshipManager 
inside a test was not wrapped in act(...).

When testing, code that causes React state 
updates should be wrapped into act(...):

act(() => {
  /* fire events that update state */
});
/* assert on the output */

This ensures that you're testing the behavior 
the user would see in the browser. Learn more 
at https://reactjs.org/link/wrap-tests-with-act
    at RelationshipManager (C:\VSCProject\silsi
lah\frontend\src\components\RelationshipManager
.tsx:14:3)
Warning: An update to RelationshipManager 
inside a test was not wrapped in act(...).

When testing, code that causes React state 
updates should be wrapped into act(...):

act(() => {
  /* fire events that update state */
});
/* assert on the output */

This ensures that you're testing the behavior 
the user would see in the browser. Learn more 
at https://reactjs.org/link/wrap-tests-with-act
    at RelationshipManager (C:\VSCProject\silsi
lah\frontend\src\components\RelationshipManager
.tsx:14:3)

[90mstderr[2m | src/__tests__/relationshipInt
egration.test.tsx[2m > 
[22m[2mRelationshipManager Integration[2m > 
[22m[2mcreates new person and links as 
spouse[22m[39m
Warning: An update to RelationshipManager 
inside a test was not wrapped in act(...).

When testing, code that causes React state 
updates should be wrapped into act(...):

act(() => {
  /* fire events that update state */
});
/* assert on the output */

This ensures that you're testing the behavior 
the user would see in the browser. Learn more 
at https://reactjs.org/link/wrap-tests-with-act
    at RelationshipManager (C:\VSCProject\silsi
lah\frontend\src\components\RelationshipManager
.tsx:14:3)

[90mstderr[2m | src/__tests__/relationshipInt
egration.test.tsx[2m > 
[22m[2mRelationshipManager Integration[2m > 
[22m[2mcreates new person and links as 
spouse[22m[39m
Warning: An update to QuickPersonForm inside a 
test was not wrapped in act(...).

When testing, code that causes React state 
updates should be wrapped into act(...):

act(() => {
  /* fire events that update state */
});
/* assert on the output */

This ensures that you're testing the behavior 
the user would see in the browser. Learn more 
at https://reactjs.org/link/wrap-tests-with-act
    at QuickPersonForm (C:\VSCProject\silsilah\
frontend\src\components\QuickPersonForm.tsx:5:2
8)
    at div
    at div
    at div
    at div
    at div
    at div
    at RelationshipManager (C:\VSCProject\silsi
lah\frontend\src\components\RelationshipManager
.tsx:14:3)

[90mstderr[2m | src/__tests__/relationshipInt
egration.test.tsx[2m > 
[22m[2mRelationshipManager Integration[2m > 
[22m[2mcreates new person and links as 
spouse[22m[39m
Warning: An update to QuickPersonForm inside a 
test was not wrapped in act(...).

When testing, code that causes React state 
updates should be wrapped into act(...):

act(() => {
  /* fire events that update state */
});
/* assert on the output */

This ensures that you're testing the behavior 
the user would see in the browser. Learn more 
at https://reactjs.org/link/wrap-tests-with-act
    at QuickPersonForm (C:\VSCProject\silsilah\
frontend\src\components\QuickPersonForm.tsx:5:2
8)
    at div
    at div
    at div
    at div
    at div
    at div
    at RelationshipManager (C:\VSCProject\silsi
lah\frontend\src\components\RelationshipManager
.tsx:14:3)

[90mstderr[2m | src/__tests__/relationshipInt
egration.test.tsx[2m > 
[22m[2mRelationshipManager Integration[2m > 
[22m[2mcreates new person and links as 
spouse[22m[39m
Warning: An update to QuickPersonForm inside a 
test was not wrapped in act(...).

When testing, code that causes React state 
updates should be wrapped into act(...):

act(() => {
  /* fire events that update state */
});
/* assert on the output */

This ensures that you're testing the behavior 
the user would see in the browser. Learn more 
at https://reactjs.org/link/wrap-tests-with-act
    at QuickPersonForm (C:\VSCProject\silsilah\
frontend\src\components\QuickPersonForm.tsx:5:2
8)
    at div
    at div
    at div
    at div
    at div
    at div
    at RelationshipManager (C:\VSCProject\silsi
lah\frontend\src\components\RelationshipManager
.tsx:14:3)

[90mstderr[2m | src/__tests__/relationshipInt
egration.test.tsx[2m > 
[22m[2mRelationshipManager Integration[2m > 
[22m[2mcreates new person and links as 
spouse[22m[39m
Warning: An update to QuickPersonForm inside a 
test was not wrapped in act(...).

When testing, code that causes React state 
updates should be wrapped into act(...):

act(() => {
  /* fire events that update state */
});
/* assert on the output */

This ensures that you're testing the behavior 
the user would see in the browser. Learn more 
at https://reactjs.org/link/wrap-tests-with-act
    at QuickPersonForm (C:\VSCProject\silsilah\
frontend\src\components\QuickPersonForm.tsx:5:2
8)
    at div
    at div
    at div
    at div
    at div
    at div
    at RelationshipManager (C:\VSCProject\silsi
lah\frontend\src\components\RelationshipManager
.tsx:14:3)

[90mstderr[2m | src/__tests__/relationshipInt
egration.test.tsx[2m > 
[22m[2mRelationshipManager Integration[2m > 
[22m[2mcreates new person and links as 
spouse[22m[39m
Warning: An update to QuickPersonForm inside a 
test was not wrapped in act(...).

When testing, code that causes React state 
updates should be wrapped into act(...):

act(() => {
  /* fire events that update state */
});
/* assert on the output */

This ensures that you're testing the behavior 
the user would see in the browser. Learn more 
at https://reactjs.org/link/wrap-tests-with-act
    at QuickPersonForm (C:\VSCProject\silsilah\
frontend\src\components\QuickPersonForm.tsx:5:2
8)
    at div
    at div
    at div
    at div
    at div
    at div
    at RelationshipManager (C:\VSCProject\silsi
lah\frontend\src\components\RelationshipManager
.tsx:14:3)

[90mstderr[2m | src/__tests__/relationshipInt
egration.test.tsx[2m > 
[22m[2mRelationshipManager Integration[2m > 
[22m[2mcreates new person and links as 
spouse[22m[39m
Warning: An update to QuickPersonForm inside a 
test was not wrapped in act(...).

When testing, code that causes React state 
updates should be wrapped into act(...):

act(() => {
  /* fire events that update state */
});
/* assert on the output */

This ensures that you're testing the behavior 
the user would see in the browser. Learn more 
at https://reactjs.org/link/wrap-tests-with-act
    at QuickPersonForm (C:\VSCProject\silsilah\
frontend\src\components\QuickPersonForm.tsx:5:2
8)
    at div
    at div
    at div
    at div
    at div
    at div
    at RelationshipManager (C:\VSCProject\silsi
lah\frontend\src\components\RelationshipManager
.tsx:14:3)

[90mstderr[2m | src/__tests__/relationshipInt
egration.test.tsx[2m > 
[22m[2mRelationshipManager Integration[2m > 
[22m[2mcreates new person and links as 
spouse[22m[39m
Warning: An update to QuickPersonForm inside a 
test was not wrapped in act(...).

When testing, code that causes React state 
updates should be wrapped into act(...):

act(() => {
  /* fire events that update state */
});
/* assert on the output */

This ensures that you're testing the behavior 
the user would see in the browser. Learn more 
at https://reactjs.org/link/wrap-tests-with-act
    at QuickPersonForm (C:\VSCProject\silsilah\
frontend\src\components\QuickPersonForm.tsx:5:2
8)
    at div
    at div
    at div
    at div
    at div
    at div
    at RelationshipManager (C:\VSCProject\silsi
lah\frontend\src\components\RelationshipManager
.tsx:14:3)

[90mstderr[2m | src/__tests__/relationshipInt
egration.test.tsx[2m > 
[22m[2mRelationshipManager Integration[2m > 
[22m[2mcreates new person and links as 
spouse[22m[39m
Warning: An update to QuickPersonForm inside a 
test was not wrapped in act(...).

When testing, code that causes React state 
updates should be wrapped into act(...):

act(() => {
  /* fire events that update state */
});
/* assert on the output */

This ensures that you're testing the behavior 
the user would see in the browser. Learn more 
at https://reactjs.org/link/wrap-tests-with-act
    at QuickPersonForm (C:\VSCProject\silsilah\
frontend\src\components\QuickPersonForm.tsx:5:2
8)
    at div
    at div
    at div
    at div
    at div
    at div
    at RelationshipManager (C:\VSCProject\silsi
lah\frontend\src\components\RelationshipManager
.tsx:14:3)

[90mstderr[2m | src/__tests__/relationshipInt
egration.test.tsx[2m > 
[22m[2mRelationshipManager Integration[2m > 
[22m[2mcreates new person and links as 
spouse[22m[39m
Warning: An update to QuickPersonForm inside a 
test was not wrapped in act(...).

When testing, code that causes React state 
updates should be wrapped into act(...):

act(() => {
  /* fire events that update state */
});
/* assert on the output */

This ensures that you're testing the behavior 
the user would see in the browser. Learn more 
at https://reactjs.org/link/wrap-tests-with-act
    at QuickPersonForm (C:\VSCProject\silsilah\
frontend\src\components\QuickPersonForm.tsx:5:2
8)
    at div
    at div
    at div
    at div
    at div
    at div
    at RelationshipManager (C:\VSCProject\silsi
lah\frontend\src\components\RelationshipManager
.tsx:14:3)

[90mstderr[2m | src/__tests__/relationshipInt
egration.test.tsx[2m > 
[22m[2mRelationshipManager Integration[2m > 
[22m[2mcreates new person and links as 
spouse[22m[39m
Warning: An update to QuickPersonForm inside a 
test was not wrapped in act(...).

When testing, code that causes React state 
updates should be wrapped into act(...):

act(() => {
  /* fire events that update state */
});
/* assert on the output */

This ensures that you're testing the behavior 
the user would see in the browser. Learn more 
at https://reactjs.org/link/wrap-tests-with-act
    at QuickPersonForm (C:\VSCProject\silsilah\
frontend\src\components\QuickPersonForm.tsx:5:2
8)
    at div
    at div
    at div
    at div
    at div
    at div
    at RelationshipManager (C:\VSCProject\silsi
lah\frontend\src\components\RelationshipManager
.tsx:14:3)

[90mstderr[2m | src/__tests__/relationshipInt
egration.test.tsx[2m > 
[22m[2mRelationshipManager Integration[2m > 
[22m[2mcreates new person and links as 
spouse[22m[39m
Warning: An update to QuickPersonForm inside a 
test was not wrapped in act(...).

When testing, code that causes React state 
updates should be wrapped into act(...):

act(() => {
  /* fire events that update state */
});
/* assert on the output */

This ensures that you're testing the behavior 
the user would see in the browser. Learn more 
at https://reactjs.org/link/wrap-tests-with-act
    at QuickPersonForm (C:\VSCProject\silsilah\
frontend\src\components\QuickPersonForm.tsx:5:2
8)
    at div
    at div
    at div
    at div
    at div
    at div
    at RelationshipManager (C:\VSCProject\silsi
lah\frontend\src\components\RelationshipManager
.tsx:14:3)

[90mstderr[2m | src/__tests__/relationshipInt
egration.test.tsx[2m > 
[22m[2mRelationshipManager Integration[2m > 
[22m[2mcreates new person and links as 
spouse[22m[39m
Warning: An update to QuickPersonForm inside a 
test was not wrapped in act(...).

When testing, code that causes React state 
updates should be wrapped into act(...):

act(() => {
  /* fire events that update state */
});
/* assert on the output */

This ensures that you're testing the behavior 
the user would see in the browser. Learn more 
at https://reactjs.org/link/wrap-tests-with-act
    at QuickPersonForm (C:\VSCProject\silsilah\
frontend\src\components\QuickPersonForm.tsx:5:2
8)
    at div
    at div
    at div
    at div
    at div
    at div
    at RelationshipManager (C:\VSCProject\silsi
lah\frontend\src\components\RelationshipManager
.tsx:14:3)

[90mstderr[2m | src/__tests__/relationshipInt
egration.test.tsx[2m > 
[22m[2mRelationshipManager Integration[2m > 
[22m[2mcreates new person and links as 
spouse[22m[39m
Warning: An update to QuickPersonForm inside a 
test was not wrapped in act(...).

When testing, code that causes React state 
updates should be wrapped into act(...):

act(() => {
  /* fire events that update state */
});
/* assert on the output */

This ensures that you're testing the behavior 
the user would see in the browser. Learn more 
at https://reactjs.org/link/wrap-tests-with-act
    at QuickPersonForm (C:\VSCProject\silsilah\
frontend\src\components\QuickPersonForm.tsx:5:2
8)
    at div
    at div
    at div
    at div
    at div
    at div
    at RelationshipManager (C:\VSCProject\silsi
lah\frontend\src\components\RelationshipManager
.tsx:14:3)

[90mstderr[2m | src/__tests__/relationshipInt
egration.test.tsx[2m > 
[22m[2mRelationshipManager Integration[2m > 
[22m[2mcreates new person and links as 
spouse[22m[39m
Warning: An update to QuickPersonForm inside a 
test was not wrapped in act(...).

When testing, code that causes React state 
updates should be wrapped into act(...):

act(() => {
  /* fire events that update state */
});
/* assert on the output */

This ensures that you're testing the behavior 
the user would see in the browser. Learn more 
at https://reactjs.org/link/wrap-tests-with-act
    at QuickPersonForm (C:\VSCProject\silsilah\
frontend\src\components\QuickPersonForm.tsx:5:2
8)
    at div
    at div
    at div
    at div
    at div
    at div
    at RelationshipManager (C:\VSCProject\silsi
lah\frontend\src\components\RelationshipManager
.tsx:14:3)

[90mstderr[2m | src/__tests__/relationshipInt
egration.test.tsx[2m > 
[22m[2mRelationshipManager Integration[2m > 
[22m[2mcreates new person and links as 
spouse[22m[39m
Warning: An update to QuickPersonForm inside a 
test was not wrapped in act(...).

When testing, code that causes React state 
updates should be wrapped into act(...):

act(() => {
  /* fire events that update state */
});
/* assert on the output */

This ensures that you're testing the behavior 
the user would see in the browser. Learn more 
at https://reactjs.org/link/wrap-tests-with-act
    at QuickPersonForm (C:\VSCProject\silsilah\
frontend\src\components\QuickPersonForm.tsx:5:2
8)
    at div
    at div
    at div
    at div
    at div
    at div
    at RelationshipManager (C:\VSCProject\silsi
lah\frontend\src\components\RelationshipManager
.tsx:14:3)

[90mstderr[2m | src/__tests__/relationshipInt
egration.test.tsx[2m > 
[22m[2mRelationshipManager Integration[2m > 
[22m[2mcreates new person and links as 
spouse[22m[39m
Warning: An update to QuickPersonForm inside a 
test was not wrapped in act(...).

When testing, code that causes React state 
updates should be wrapped into act(...):

act(() => {
  /* fire events that update state */
});
/* assert on the output */

This ensures that you're testing the behavior 
the user would see in the browser. Learn more 
at https://reactjs.org/link/wrap-tests-with-act
    at QuickPersonForm (C:\VSCProject\silsilah\
frontend\src\components\QuickPersonForm.tsx:5:2
8)
    at div
    at div
    at div
    at div
    at div
    at div
    at RelationshipManager (C:\VSCProject\silsi
lah\frontend\src\components\RelationshipManager
.tsx:14:3)

[90mstderr[2m | src/__tests__/relationshipInt
egration.test.tsx[2m > 
[22m[2mRelationshipManager Integration[2m > 
[22m[2mcreates new person and links as 
spouse[22m[39m
Warning: An update to QuickPersonForm inside a 
test was not wrapped in act(...).

When testing, code that causes React state 
updates should be wrapped into act(...):

act(() => {
  /* fire events that update state */
});
/* assert on the output */

This ensures that you're testing the behavior 
the user would see in the browser. Learn more 
at https://reactjs.org/link/wrap-tests-with-act
    at QuickPersonForm (C:\VSCProject\silsilah\
frontend\src\components\QuickPersonForm.tsx:5:2
8)
    at div
    at div
    at div
    at div
    at div
    at div
    at RelationshipManager (C:\VSCProject\silsi
lah\frontend\src\components\RelationshipManager
.tsx:14:3)

[90mstderr[2m | src/__tests__/relationshipInt
egration.test.tsx[2m > 
[22m[2mRelationshipManager Integration[2m > 
[22m[2mcreates new person and links as 
spouse[22m[39m
Warning: An update to QuickPersonForm inside a 
test was not wrapped in act(...).

When testing, code that causes React state 
updates should be wrapped into act(...):

act(() => {
  /* fire events that update state */
});
/* assert on the output */

This ensures that you're testing the behavior 
the user would see in the browser. Learn more 
at https://reactjs.org/link/wrap-tests-with-act
    at QuickPersonForm (C:\VSCProject\silsilah\
frontend\src\components\QuickPersonForm.tsx:5:2
8)
    at div
    at div
    at div
    at div
    at div
    at div
    at RelationshipManager (C:\VSCProject\silsi
lah\frontend\src\components\RelationshipManager
.tsx:14:3)

[90mstderr[2m | src/__tests__/relationshipInt
egration.test.tsx[2m > 
[22m[2mRelationshipManager Integration[2m > 
[22m[2mcreates new person and links as 
spouse[22m[39m
Warning: An update to QuickPersonForm inside a 
test was not wrapped in act(...).

When testing, code that causes React state 
updates should be wrapped into act(...):

act(() => {
  /* fire events that update state */
});
/* assert on the output */

This ensures that you're testing the behavior 
the user would see in the browser. Learn more 
at https://reactjs.org/link/wrap-tests-with-act
    at QuickPersonForm (C:\VSCProject\silsilah\
frontend\src\components\QuickPersonForm.tsx:5:2
8)
    at div
    at div
    at div
    at div
    at div
    at div
    at RelationshipManager (C:\VSCProject\silsi
lah\frontend\src\components\RelationshipManager
.tsx:14:3)

[90mstderr[2m | src/__tests__/relationshipInt
egration.test.tsx[2m > 
[22m[2mRelationshipManager Integration[2m > 
[22m[2mcreates new person and links as 
spouse[22m[39m
Warning: An update to QuickPersonForm inside a 
test was not wrapped in act(...).

When testing, code that causes React state 
updates should be wrapped into act(...):

act(() => {
  /* fire events that update state */
});
/* assert on the output */

This ensures that you're testing the behavior 
the user would see in the browser. Learn more 
at https://reactjs.org/link/wrap-tests-with-act
    at QuickPersonForm (C:\VSCProject\silsilah\
frontend\src\components\QuickPersonForm.tsx:5:2
8)
    at div
    at div
    at div
    at div
    at div
    at div
    at RelationshipManager (C:\VSCProject\silsi
lah\frontend\src\components\RelationshipManager
.tsx:14:3)

[90mstderr[2m | src/__tests__/relationshipInt
egration.test.tsx[2m > 
[22m[2mRelationshipManager Integration[2m > 
[22m[2mcreates new person and links as 
spouse[22m[39m
Warning: An update to QuickPersonForm inside a 
test was not wrapped in act(...).

When testing, code that causes React state 
updates should be wrapped into act(...):

act(() => {
  /* fire events that update state */
});
/* assert on the output */

This ensures that you're testing the behavior 
the user would see in the browser. Learn more 
at https://reactjs.org/link/wrap-tests-with-act
    at QuickPersonForm (C:\VSCProject\silsilah\
frontend\src\components\QuickPersonForm.tsx:5:2
8)
    at div
    at div
    at div
    at div
    at div
    at div
    at RelationshipManager (C:\VSCProject\silsi
lah\frontend\src\components\RelationshipManager
.tsx:14:3)

[90mstderr[2m | src/__tests__/relationshipInt
egration.test.tsx[2m > 
[22m[2mRelationshipManager Integration[2m > 
[22m[2mcreates new person and links as 
spouse[22m[39m
Warning: An update to RelationshipManager 
inside a test was not wrapped in act(...).

When testing, code that causes React state 
updates should be wrapped into act(...):

act(() => {
  /* fire events that update state */
});
/* assert on the output */

This ensures that you're testing the behavior 
the user would see in the browser. Learn more 
at https://reactjs.org/link/wrap-tests-with-act
    at RelationshipManager (C:\VSCProject\silsi
lah\frontend\src\components\RelationshipManager
.tsx:14:3)

[90mstderr[2m | src/__tests__/relationshipInt
egration.test.tsx[2m > 
[22m[2mRelationshipManager Integration[2m > 
[22m[2mhandles API error gracefully[22m[39m
Warning: An update to RelationshipManager 
inside a test was not wrapped in act(...).

When testing, code that causes React state 
updates should be wrapped into act(...):

act(() => {
  /* fire events that update state */
});
/* assert on the output */

This ensures that you're testing the behavior 
the user would see in the browser. Learn more 
at https://reactjs.org/link/wrap-tests-with-act
    at RelationshipManager (C:\VSCProject\silsi
lah\frontend\src\components\RelationshipManager
.tsx:14:3)

[90mstderr[2m | src/__tests__/relationshipInt
egration.test.tsx[2m > 
[22m[2mRelationshipManager Integration[2m > 
[22m[2mhandles API error gracefully[22m[39m
Warning: An update to RelationshipManager 
inside a test was not wrapped in act(...).

When testing, code that causes React state 
updates should be wrapped into act(...):

act(() => {
  /* fire events that update state */
});
/* assert on the output */

This ensures that you're testing the behavior 
the user would see in the browser. Learn more 
at https://reactjs.org/link/wrap-tests-with-act
    at RelationshipManager (C:\VSCProject\silsi
lah\frontend\src\components\RelationshipManager
.tsx:14:3)
Warning: An update to RelationshipManager 
inside a test was not wrapped in act(...).

When testing, code that causes React state 
updates should be wrapped into act(...):

act(() => {
  /* fire events that update state */
});
/* assert on the output */

This ensures that you're testing the behavior 
the user would see in the browser. Learn more 
at https://reactjs.org/link/wrap-tests-with-act
    at RelationshipManager (C:\VSCProject\silsi
lah\frontend\src\components\RelationshipManager
.tsx:14:3)

 [33mÔØ»[39m src/__tests__/relationshipIntegration.test.tsx [2m ([22m[2m4 tests[22m [2m|[22m [31m4 failed[39m[2m)[22m[33m 5071[2mms[22m[39m
[31m   [33mÔØ»[31m src/__tests__/relationshipIntegration.test.tsx[2m > [22mRelationshipManager Integration[2m > [22madds a parent relationship successfully[39m
[31m     ÔåÆ Unable to find an element with the text: /Parent added successfully/i. This could be because the text is broken up by multiple elements. In this case, you can provide a function for your text matcher to make your matcher more flexible.

Ignored nodes: comments, script, style
[36m<body>[31m
  [36m<div>[31m
    [36m<div[31m
      [33maria-labelledby[31m=[32m"relationshipManagerOffcanvasLabel"[31m
      [33mclass[31m=[32m"offcanvas offcanvas-end show"[31m
      [33mid[31m=[32m"relationshipManagerOffcanvas"[31m
      [33mstyle[31m=[32m"visibility: visible; max-width: 720px; width: 100%;"[31m
      [33mtabindex[31m=[32m"-1"[31m
    [36m>[31m
      [36m<div[31m
        [33mclass[31m=[32m"offcanvas-header border-bottom"[31m
      [36m>[31m
        [36m<h5[31m
          [33mclass[31m=[32m"offcanvas-title"[31m
          [33mid[31m=[32m"relationshipManagerOffcanvasLabel"[31m
        [36m>[31m
          [0mAdd Relative for [0m
          [0mP1[0m
        [36m</h5>[31m
        [36m<button[31m
          [33maria-label[31m=[32m"Close"[31m
          [33mclass[31m=[32m"btn-close text-reset"[31m
          [33mtype[31m=[32m"button"[31m
        [36m/>[31m
      [36m</div>[31m
      [36m<div[31m
        [33mclass[31m=[32m"offcanvas-body d-flex flex-column"[31m
      [36m>[31m
        [36m<div[31m
          [33mclass[31m=[32m"mb-3"[31m
        [36m>[31m
          [36m<label[31m
            [33mclass[31m=[32m"form-label"[31m
          [36m>[31m
            [0mRelationship Type[0m
          [36m</label>[31m
          [36m<div>[31m
            [36m<div[31m
              [33mclass[31m=[32m"d-flex flex-wrap gap-2 mb-2"[31m
            [36m>[31m
              [36m<button[31m
                [33mclass[31m=[32m"btn btn-sm btn-primary"[31m
                [33mtitle[31m=[32m"Biological parent of current person."[31m
                [33mtype[31m=[32m"button"[31m
              [36m>[31m
                [0mParent[0m
              [36m</button>[31m
              [36m<button[31m
                [33mclass[31m=[32m"btn btn-sm btn-outline-secondary"[31m
                [33mtitle[31m=[32m"Biological child of current person."[31m
                [33mtype[31m=[32m"button"[31m
              [36m>[31m
                [0mChild[0m
              [36m</button>[31m
              [36m<button[31m
                [33mclass[31m=[32m"btn btn-sm btn-outline-secondary"[31m
                [33mtitle[31m=[32m"Marriage relationship."[31m
                [33mtype[31m=[32m"button"[31m
              [36m>[31m
                [0mSpouse[0m
              [36m</button>[31m
              [36m<button[31m
                [33mclass[31m=[32m"btn btn-sm btn-outline-secondary"[31m
                [33mdisabled[31m=[32m""[31m
                [33mstyle[31m=[32m"border-style: dotted;"[31m
                [33mtitle[31m=[32m"Adoptive relationships are not yet supported."[31m
                [33mtype[31m=[32m"button"[31m
              [36m>[31m
                [0mAdoptive Parent[0m
              [36m</button>[31m
              [36m<button[31m
                [33mclass[31m=[32m"btn btn-sm btn-outline-secondary"[31m
                [33mdisabled[31m=[32m""[31m
                [33mstyle[31m=[32m"border-style: dashed;"[31m
                [33mtitle[31m=[32m"Step-parent relationships are not yet supported."[31m
                [33mtype[31m=[32m"button"[31m
              [36m>[31m
                [0mStep-Parent[0m
              [36m</button>[31m
              [36m<button[31m
                [33mclass[31m=[32m"btn btn-sm btn-outline-secondary"[31m
                [33mdisabled[31m=[32m""[31m
                [33mstyle[31m=[32m"border-style: dashed;"[31m
                [33mtitle[31m=[32m"Step-child relationships are not yet supported."[31m
                [33mtype[31m=[32m"button"[31m
              [36m>[31m
                [0mStep-Child[0m
              [36m</button>[31m
            [36m</div>[31m
            [36m<div[31m
              [33mclass[31m=[32m"text-muted small"[31m
            [36m>[31m
              [36m<p[31m
                [33mclass[31m=[32m"mb-1"[31m
              [36m>[31m
                [36m<strong>[31m
                  [0mParent[0m
                [36m</strong>[31m
                [0m: A biological parent. Max two parents enforced.[0m
              [36m</p>[31m
              [36m<p[31m
                [33mclass[31m=[32m"mb-1"[31m
              [36m>[31m
                [36m<strong>[31m
                  [0mChild[0m
                [36m</strong>[31m
                [0m: A biological child of the current person.[0m
              [36m</p>[31m
              [36m<p[31m
                [33mclass[31m=[32m"mb-1"[31m
              [36m>[31m
                [36m<strong>[31m
                  [0mSpouse[0m
                [36m</strong>[31m
                [0m: Marriage relationship. Cannot be both a parent or child.[0m
              [36m</p>[31m
              [36m<p[31m
                [33mclass[31m=[32m"mb-1"[31m
              [36m>[31m
                [36m<strong>[31m
                  [0mAdoptive/Step[0m
                [36m</strong>[31m
                [0m: Displayed for clarity, creation not yet supported.[0m
              [36m</p>[31m
            [36m</div>[31m
          [36m</div>[31m
        [36m</div>[31m
        [36m<div[31m
          [33mclass[31m=[32m"row g-3"[31m
        [36m>[31m
          [36m<div[31m
            [33mclass[31m=[32m"col-6"[31m
          [36m>[31m
            [36m<div[31m
              [33mclass[31m=[32m"card h-100"[31m
            [36m>[31m
              [36m<div[31m
                [33mclass[31m=[32m"card-header"[31m
              [36m>[31m
                [0mSelect Existing Person[0m
              [36m</div>[31m
              [36m<div[31m
                [33mclass[31m=[32m"card-body"[31m
              [36m>[31m
                [36m<div>[31m
                  [36m<button>[31m
                    [0mSelect P2[0m
                  [36m</button>[31m
                [36m</div>[31m
                [36m<div[31m
                  [33mclass[31m=[32m"mt-2 d-flex justify-content-end"[31m
                [36m>[31m
                  [36m<button[31m
                    [33mclass[31m=[32m"btn btn-primary"[31m
                    [33mdisabled[31m=[32m""[31m
                  [36m>[31m
                    [0mLinkingÔÇª[0m
                  [36m</button>[31m
                [36m</div>[31m
              [36m</div>[31m
            [36m</div>[31m
          [36m</div>[31m
          [36m<div[31m
            [33mclass[31m=[32m"col-6"[31m
          [36m>[31m
            [36m<div[31m
              [33mclass[31m=[32m"card h-100"[31m
            [36m>[31m
              [36m<div[31m
                [33mclass[31m=[32m"card-header"[31m
              [36m>[31m
                [0mCreate New Person[0m
              [36m</div>[31m
              [36m<div[31m
                [33mclass[31m=[32m"card-body"[31m
              [36m>[31m
                [36m<form[31m
                  [33mclass[31m=[32m"d-flex flex-column gap-2"[31m
                [36m>[31m
                  [36m<input[31m
                    [33mclass[31m=[32m"form-control"[31m
                    [33mplaceholder[31m=[32m"Person ID"[31m
                    [33mrequired[31m=[32m""[31m
                    [33mvalue[31m=[32m""[31m
                  [36m/>[31m
                  [36m<input[31m
                    [33mclass[31m=[32m"form-control"[31m
                    [33mplaceholder[31m=[32m"Full Name"[31m
                    [33mrequired[31m=[32m""[31m
                    [33mvalue[31m=[32m""[31m
                  [36m/>[31m
                  [36m<select[31m
                    [33mclass[31m=[32m"form-select"[31m
                  [36m>[31m
                    [36m<option[31m
                      [33mvalue[31m=[32m"MALE"[31m
                    [36m>[31m
                      [0mMale[0m
                    [36m</option>[31m
                    [36m<option[31m
                      [33mvalue[31m=[32m"FEMALE"[31m
                    [36m>[31m
                      [0mFemale[0m
                    [36m</option>[31m
                    [36m<option[31m
                      [33mvalue[31m=[32m"UNKNOWN"[31m
                    [36m>[31m
                      [0mUnknown[0m
                    [36m</option>[31m
                  [36m</select>[31m
                  [36m<input[31m
                    [33mclass[31m=[32m"form-control"[31m
                    [33mplaceholder[31m=[32m"Birth Date"[31m
                    [33mtype[31m=[32m"date"[31m
                    [33mvalue[31m=[32m""[31m
                  [36m/>[31m
                  [36m<input[31m
                    [33mclass[31m=[32m"form-control"[31m
                    [33mplaceholder[31m=[32m"Death Date"[31m
                    [33mtype[31m=[32m"date"[31m
                    [33mvalue[31m=[32m""[31m
                  [36m/>[31m
                  [36m<button[31m
                    [33mclass[31m=[32m"btn btn-success"[31m
                    [33mtype[31m=[32m"submit"[31m
                  [36m>[31m
                    [0mCreate and Link[0m
                  [36m</button>[31m
                [36m</form>[31m
              [36m</div>[31m
            [36m</div>[31m
          [36m</div>[31m
        [36m</div>[31m
      [36m</div>[31m
    [36m</div>[31m
    [36m<div[31m
      [33mclass[31m=[32m"offcanvas-backdrop fade show"[31m
    [36m/>[31m
  [36m</div>[31m
[36m</body>[31m

Ignored nodes: comments, script, style
[36m<html>[31m
  [36m<head />[31m
  [36m<body>[31m
    [36m<div>[31m
      [36m<div[31m
        [33maria-labelledby[31m=[32m"relationshipManagerOffcanvasLabel"[31m
        [33mclass[31m=[32m"offcanvas offcanvas-end show"[31m
        [33mid[31m=[32m"relationshipManagerOffcanvas"[31m
        [33mstyle[31m=[32m"visibility: visible; max-width: 720px; width: 100%;"[31m
        [33mtabindex[31m=[32m"-1"[31m
      [36m>[31m
        [36m<div[31m
          [33mclass[31m=[32m"offcanvas-header border-bottom"[31m
        [36m>[31m
          [36m<h5[31m
            [33mclass[31m=[32m"offcanvas-title"[31m
            [33mid[31m=[32m"relationshipManagerOffcanvasLabel"[31m
          [36m>[31m
            [0mAdd Relative for [0m
            [0mP1[0m
          [36m</h5>[31m
          [36m<button[31m
            [33maria-label[31m=[32m"Close"[31m
            [33mclass[31m=[32m"btn-close text-reset"[31m
            [33mtype[31m=[32m"button"[31m
          [36m/>[31m
        [36m</div>[31m
        [36m<div[31m
          [33mclass[31m=[32m"offcanvas-body d-flex flex-column"[31m
        [36m>[31m
          [36m<div[31m
            [33mclass[31m=[32m"mb-3"[31m
          [36m>[31m
            [36m<label[31m
              [33mclass[31m=[32m"form-label"[31m
            [36m>[31m
              [0mRelationship Type[0m
            [36m</label>[31m
            [36m<div>[31m
              [36m<div[31m
                [33mclass[31m=[32m"d-flex flex-wrap gap-2 mb-2"[31m
              [36m>[31m
                [36m<button[31m
                  [33mclass[31m=[32m"btn btn-sm btn-primary"[31m
                  [33mtitle[31m=[32m"Biological parent of current person."[31m
                  [33mtype[31m=[32m"button"[31m
                [36m>[31m
                  [0mParent[0m
                [36m</button>[31m
                [36m<button[31m
                  [33mclass[31m=[32m"btn btn-sm btn-outline-secondary"[31m
                  [33mtitle[31m=[32m"Biological child of current person."[31m
                  [33mtype[31m=[32m"button"[31m
                [36m>[31m
                  [0mChild[0m
                [36m</button>[31m
                [36m<button[31m
                  [33mclass[31m=[32m"btn btn-sm btn-outline-secondary"[31m
                  [33mtitle[31m=[32m"Marriage relationship."[31m
                  [33mtype[31m=[32m"button"[31m
                [36m>[31m
                  [0mSpouse[0m
                [36m</button>[31m
                [36m<button[31m
                  [33mclass[31m=[32m"btn btn-sm btn-outline-secondary"[31m
                  [33mdisabled[31m=[32m""[31m
                  [33mstyle[31m=[32m"border-style: dotted;"[31m
                  [33mtitle[31m=[32m"Adoptive relationships are not yet supported."[31m
                  [33mtype[31m=[32m"button"[31m
                [36m>[31m
                  [0mAdoptive Parent[0m
                [36m</button>[31m
                [36m<button[31m
                  [33mclass[31m=[32m"btn btn-sm btn-outline-secondary"[31m
                  [33mdisabled[31m=[32m""[31m
                  [33mstyle[31m=[32m"border-style: dashed;"[31m
                  [33mtitle[31m=[32m"Step-parent relationships are not yet supported."[31m
                  [33mtype[31m=[32m"button"[31m
                [36m>[31m
                  [0mStep-Parent[0m
                [36m</button>[31m
                [36m<button[31m
                  [33mclass[31m=[32m"btn btn-sm btn-outline-secondary"[31m
                  [33mdisabled[31m=[32m""[31m
                  [33mstyle[31m=[32m"border-style: dashed;"[31m
                  [33mtitle[31m=[32m"Step-child relationships are not yet supported."[31m
                  [33mtype[31m=[32m"button"[31m
                [36m>[31m
                  [0mStep-Child[0m
                [36m</button>[31m
              [36m</div>[31m
              [36m<div[31m
                [33mclass[31m=[32m"text-muted small"[31m
              [36m>[31m
                [36m<p[31m
                  [33mclass[31m=[32m"mb-1"[31m
                [36m>[31m
                  [36m<strong>[31m
                    [0mParent[0m
                  [36m</strong>[31m
                  [0m: A biological parent. Max two parents enforced.[0m
                [36m</p>[31m
                [36m<p[31m
                  [33mclass[31m=[32m"mb-1"[31m
                [36m>[31m
                  [36m<strong>[31m
                    [0mChild[0m
                  [36m</strong>[31m
                  [0m: A biological child of the current person.[0m
                [36m</p>[31m
                [36m<p[31m
                  [33mclass[31m=[32m"mb-1"[31m
                [36m>[31m
                  [36m<strong>[31m
                    [0mSpouse[0m
                  [36m</strong>[31m
                  [0m: Marriage relationship. Cannot be both a parent or child.[0m
                [36m</p>[31m
                [36m<p[31m
                  [33mclass[31m=[32m"mb-1"[31m
                [36m>[31m
                  [36m<strong>[31m
                    [0mAdoptive/Step[0m
                  [36m</strong>[31m
                  [0m: Displayed for clarity, creation not yet supported.[0m
                [36m</p>[31m
              [36m</div>[31m
            [36m</div>[31m
          [36m</div>[31m
          [36m<div[31m
            [33mclass[31m=[32m"row g-3"[31m
          [36m>[31m
            [36m<div[31m
              [33mclass[31m=[32m"col-6"[31m
            [36m>[31m
              [36m<div[31m
                [33mclass[31m=[32m"card h-100"[31m
              [36m>[31m
                [36m<div[31m
                  [33mclass[31m=[32m"card-header"[31m
                [36m>[31m
                  [0mSelect Existing Person[0m
                [36m</div>[31m
                [36m<div[31m
                  [33mclass[31m=[32m"card-body"[31m
                [36m>[31m
                  [36m<div>[31m
                    [36m<button>[31m
                      [0mSelect P2[0m
                    [36m</button>[31m
                  [36m</div>[31m
                  [36m<div[31m
                    [33mclass[31m=[32m"mt-2 d-flex justify-content-end"[31m
                  [36m>[31m
                    [36m<button[31m
                      [33mclass[31m=[32m"btn btn-primary"[31m
                      [33mdisabled[31m=[32m""[31m
                    [36m>[31m
                      [0mLinkingÔÇª[0m
                    [36m</button>[31m
                  [36m</div>[31m
                [36m</div>[31m
              [36m</div>[31m
            [36m</div>[31m
            [36m<div[31m
              [33mclass[31m=[32m"col-6"[31m
            [36m>[31m
              [36m<div[31m
                [33mclass[31m=[32m"card h-100"[31m
              [36m>[31m
                [36m<div[31m
                  [33mclass[31m=[32m"card-header"[31m
                [36m>[31m
                  [0mCreate New Person[0m
                [36m</div>[31m
                [36m<div[31m
                  [33mclass[31m=[32m"card-body"[31m
                [36m>[31m
                  [36m<form[31m
                    [33mclass[31m=[32m"d-flex flex-column gap-2"[31m
                  [36m>[31m
                    [36m<input[31m
                      [33mclass[31m=[32m"form-control"[31m
                      [33mplaceholder[31m=[32m"Person ID"[31m
                      [33mrequired[31m=[32m""[31m
                      [33mvalue[31m=[32m""[31m
                    [36m/>[31m
                    [36m<input[31m
                      [33mclass[31m=[32m"form-control"[31m
                      [33mplaceholder[31m=[32m"Full Name"[31m
                      [33mrequired[31m=[32m""[31m
                      [33mvalue[31m=[32m""[31m
                    [36m/>[31m
                    [36m<select[31m
                      [33mclass[31m=[32m"form-select"[31m
                    [36m>[31m
                      [36m<option[31m
                        [33mvalue[31m=[32m"MALE"[31m
                      [36m>[31m
                        [0mMale[0m
                      [36m</option>[31m
                      [36m<option[31m
                        [33mvalue[31m=[32m"FEMALE"[31m
                      [36m>[31m
                        [0mFemale[0m
                      [36m</option>[31m
                      [36m<option[31m
                        [33mvalue[31m=[32m"UNKNOWN"[31m
                      [36m>[31m
                        [0mUnknown[0m
                      [36m</option>[31m
                    [36m</select>[31m
                    [36m<input[31m
                      [33mclass[31m=[32m"form-control"[31m
                      [33mplaceholder[31m=[32m"Birth Date"[31m
                      [33mtype[31m=[32m"date"[31m
                      [33mvalue[31m=[32m""[31m
                    [36m/>[31m
                    [36m<input[31m
                      [33mclass[31m=[32m"form-control"[31m
                      [33mplaceholder[31m=[32m"Death Date"[31m
                      [33mtype[31m=[32m"date"[31m
                      [33mvalue[31m=[32m""[31m
                    [36m/>[31m
                    [36m<button[31m
                      [33mclass[31m=[32m"btn btn-success"[31m
                      [33mtype[31m=[32m"submit"[31m
                    [36m>[31m
                      [0mCreate and Link[0m
                    [36m</button>[31m
                  [36m</form>[31m
                [36m</div>[31m
              [36m</div>[31m
            [36m</div>[31m
          [36m</div>[31m
        [36m</div>[31m
      [36m</div>[31m
      [36m<div[31m
        [33mclass[31m=[32m"offcanvas-backdrop fade show"[31m
      [36m/>[31m
    [36m</div>[31m
  [36m</body>[31m
[36m</html>[31m[39m
[31m   [33mÔØ»[31m src/__tests__/relationshipIntegration.test.tsx[2m > [22mRelationshipManager Integration[2m > [22madds a child relationship successfully[39m
[31m     ÔåÆ Unable to find an element with the text: /Child added successfully/i. This could be because the text is broken up by multiple elements. In this case, you can provide a function for your text matcher to make your matcher more flexible.

Ignored nodes: comments, script, style
[36m<body>[31m
  [36m<div>[31m
    [36m<div[31m
      [33maria-labelledby[31m=[32m"relationshipManagerOffcanvasLabel"[31m
      [33mclass[31m=[32m"offcanvas offcanvas-end show"[31m
      [33mid[31m=[32m"relationshipManagerOffcanvas"[31m
      [33mstyle[31m=[32m"visibility: visible; max-width: 720px; width: 100%;"[31m
      [33mtabindex[31m=[32m"-1"[31m
    [36m>[31m
      [36m<div[31m
        [33mclass[31m=[32m"offcanvas-header border-bottom"[31m
      [36m>[31m
        [36m<h5[31m
          [33mclass[31m=[32m"offcanvas-title"[31m
          [33mid[31m=[32m"relationshipManagerOffcanvasLabel"[31m
        [36m>[31m
          [0mAdd Relative for [0m
          [0mP1[0m
        [36m</h5>[31m
        [36m<button[31m
          [33maria-label[31m=[32m"Close"[31m
          [33mclass[31m=[32m"btn-close text-reset"[31m
          [33mtype[31m=[32m"button"[31m
        [36m/>[31m
      [36m</div>[31m
      [36m<div[31m
        [33mclass[31m=[32m"offcanvas-body d-flex flex-column"[31m
      [36m>[31m
        [36m<div[31m
          [33mclass[31m=[32m"mb-3"[31m
        [36m>[31m
          [36m<label[31m
            [33mclass[31m=[32m"form-label"[31m
          [36m>[31m
            [0mRelationship Type[0m
          [36m</label>[31m
          [36m<div>[31m
            [36m<div[31m
              [33mclass[31m=[32m"d-flex flex-wrap gap-2 mb-2"[31m
            [36m>[31m
              [36m<button[31m
                [33mclass[31m=[32m"btn btn-sm btn-outline-secondary"[31m
                [33mtitle[31m=[32m"Biological parent of current person."[31m
                [33mtype[31m=[32m"button"[31m
              [36m>[31m
                [0mParent[0m
              [36m</button>[31m
              [36m<button[31m
                [33mclass[31m=[32m"btn btn-sm btn-primary"[31m
                [33mtitle[31m=[32m"Biological child of current person."[31m
                [33mtype[31m=[32m"button"[31m
              [36m>[31m
                [0mChild[0m
              [36m</button>[31m
              [36m<button[31m
                [33mclass[31m=[32m"btn btn-sm btn-outline-secondary"[31m
                [33mtitle[31m=[32m"Marriage relationship."[31m
                [33mtype[31m=[32m"button"[31m
              [36m>[31m
                [0mSpouse[0m
              [36m</button>[31m
              [36m<button[31m
                [33mclass[31m=[32m"btn btn-sm btn-outline-secondary"[31m
                [33mdisabled[31m=[32m""[31m
                [33mstyle[31m=[32m"border-style: dotted;"[31m
                [33mtitle[31m=[32m"Adoptive relationships are not yet supported."[31m
                [33mtype[31m=[32m"button"[31m
              [36m>[31m
                [0mAdoptive Parent[0m
              [36m</button>[31m
              [36m<button[31m
                [33mclass[31m=[32m"btn btn-sm btn-outline-secondary"[31m
                [33mdisabled[31m=[32m""[31m
                [33mstyle[31m=[32m"border-style: dashed;"[31m
                [33mtitle[31m=[32m"Step-parent relationships are not yet supported."[31m
                [33mtype[31m=[32m"button"[31m
              [36m>[31m
                [0mStep-Parent[0m
              [36m</button>[31m
              [36m<button[31m
                [33mclass[31m=[32m"btn btn-sm btn-outline-secondary"[31m
                [33mdisabled[31m=[32m""[31m
                [33mstyle[31m=[32m"border-style: dashed;"[31m
                [33mtitle[31m=[32m"Step-child relationships are not yet supported."[31m
                [33mtype[31m=[32m"button"[31m
              [36m>[31m
                [0mStep-Child[0m
              [36m</button>[31m
            [36m</div>[31m
            [36m<div[31m
              [33mclass[31m=[32m"text-muted small"[31m
            [36m>[31m
              [36m<p[31m
                [33mclass[31m=[32m"mb-1"[31m
              [36m>[31m
                [36m<strong>[31m
                  [0mParent[0m
                [36m</strong>[31m
                [0m: A biological parent. Max two parents enforced.[0m
              [36m</p>[31m
              [36m<p[31m
                [33mclass[31m=[32m"mb-1"[31m
              [36m>[31m
                [36m<strong>[31m
                  [0mChild[0m
                [36m</strong>[31m
                [0m: A biological child of the current person.[0m
              [36m</p>[31m
              [36m<p[31m
                [33mclass[31m=[32m"mb-1"[31m
              [36m>[31m
                [36m<strong>[31m
                  [0mSpouse[0m
                [36m</strong>[31m
                [0m: Marriage relationship. Cannot be both a parent or child.[0m
              [36m</p>[31m
              [36m<p[31m
                [33mclass[31m=[32m"mb-1"[31m
              [36m>[31m
                [36m<strong>[31m
                  [0mAdoptive/Step[0m
                [36m</strong>[31m
                [0m: Displayed for clarity, creation not yet supported.[0m
              [36m</p>[31m
            [36m</div>[31m
          [36m</div>[31m
        [36m</div>[31m
        [36m<div[31m
          [33mclass[31m=[32m"row g-3"[31m
        [36m>[31m
          [36m<div[31m
            [33mclass[31m=[32m"col-6"[31m
          [36m>[31m
            [36m<div[31m
              [33mclass[31m=[32m"card h-100"[31m
            [36m>[31m
              [36m<div[31m
                [33mclass[31m=[32m"card-header"[31m
              [36m>[31m
                [0mSelect Existing Person[0m
              [36m</div>[31m
              [36m<div[31m
                [33mclass[31m=[32m"card-body"[31m
              [36m>[31m
                [36m<div>[31m
                  [36m<button>[31m
                    [0mSelect P2[0m
                  [36m</button>[31m
                [36m</div>[31m
                [36m<div[31m
                  [33mclass[31m=[32m"mt-2 d-flex justify-content-end"[31m
                [36m>[31m
                  [36m<button[31m
                    [33mclass[31m=[32m"btn btn-primary"[31m
                    [33mdisabled[31m=[32m""[31m
                  [36m>[31m
                    [0mLinkingÔÇª[0m
                  [36m</button>[31m
                [36m</div>[31m
              [36m</div>[31m
            [36m</div>[31m
          [36m</div>[31m
          [36m<div[31m
            [33mclass[31m=[32m"col-6"[31m
          [36m>[31m
            [36m<div[31m
              [33mclass[31m=[32m"card h-100"[31m
            [36m>[31m
              [36m<div[31m
                [33mclass[31m=[32m"card-header"[31m
              [36m>[31m
                [0mCreate New Person[0m
              [36m</div>[31m
              [36m<div[31m
                [33mclass[31m=[32m"card-body"[31m
              [36m>[31m
                [36m<form[31m
                  [33mclass[31m=[32m"d-flex flex-column gap-2"[31m
                [36m>[31m
                  [36m<input[31m
                    [33mclass[31m=[32m"form-control"[31m
                    [33mplaceholder[31m=[32m"Person ID"[31m
                    [33mrequired[31m=[32m""[31m
                    [33mvalue[31m=[32m""[31m
                  [36m/>[31m
                  [36m<input[31m
                    [33mclass[31m=[32m"form-control"[31m
                    [33mplaceholder[31m=[32m"Full Name"[31m
                    [33mrequired[31m=[32m""[31m
                    [33mvalue[31m=[32m""[31m
                  [36m/>[31m
                  [36m<select[31m
                    [33mclass[31m=[32m"form-select"[31m
                  [36m>[31m
                    [36m<option[31m
                      [33mvalue[31m=[32m"MALE"[31m
                    [36m>[31m
                      [0mMale[0m
                    [36m</option>[31m
                    [36m<option[31m
                      [33mvalue[31m=[32m"FEMALE"[31m
                    [36m>[31m
                      [0mFemale[0m
                    [36m</option>[31m
                    [36m<option[31m
                      [33mvalue[31m=[32m"UNKNOWN"[31m
                    [36m>[31m
                      [0mUnknown[0m
                    [36m</option>[31m
                  [36m</select>[31m
                  [36m<input[31m
                    [33mclass[31m=[32m"form-control"[31m
                    [33mplaceholder[31m=[32m"Birth Date"[31m
                    [33mtype[31m=[32m"date"[31m
                    [33mvalue[31m=[32m""[31m
                  [36m/>[31m
                  [36m<input[31m
                    [33mclass[31m=[32m"form-control"[31m
                    [33mplaceholder[31m=[32m"Death Date"[31m
                    [33mtype[31m=[32m"date"[31m
                    [33mvalue[31m=[32m""[31m
                  [36m/>[31m
                  [36m<button[31m
                    [33mclass[31m=[32m"btn btn-success"[31m
                    [33mtype[31m=[32m"submit"[31m
                  [36m>[31m
                    [0mCreate and Link[0m
                  [36m</button>[31m
                [36m</form>[31m
              [36m</div>[31m
            [36m</div>[31m
          [36m</div>[31m
        [36m</div>[31m
      [36m</div>[31m
    [36m</div>[31m
    [36m<div[31m
      [33mclass[31m=[32m"offcanvas-backdrop fade show"[31m
    [36m/>[31m
  [36m</div>[31m
[36m</body>[31m

Ignored nodes: comments, script, style
[36m<html>[31m
  [36m<head />[31m
  [36m<body>[31m
    [36m<div>[31m
      [36m<div[31m
        [33maria-labelledby[31m=[32m"relationshipManagerOffcanvasLabel"[31m
        [33mclass[31m=[32m"offcanvas offcanvas-end show"[31m
        [33mid[31m=[32m"relationshipManagerOffcanvas"[31m
        [33mstyle[31m=[32m"visibility: visible; max-width: 720px; width: 100%;"[31m
        [33mtabindex[31m=[32m"-1"[31m
      [36m>[31m
        [36m<div[31m
          [33mclass[31m=[32m"offcanvas-header border-bottom"[31m
        [36m>[31m
          [36m<h5[31m
            [33mclass[31m=[32m"offcanvas-title"[31m
            [33mid[31m=[32m"relationshipManagerOffcanvasLabel"[31m
          [36m>[31m
            [0mAdd Relative for [0m
            [0mP1[0m
          [36m</h5>[31m
          [36m<button[31m
            [33maria-label[31m=[32m"Close"[31m
            [33mclass[31m=[32m"btn-close text-reset"[31m
            [33mtype[31m=[32m"button"[31m
          [36m/>[31m
        [36m</div>[31m
        [36m<div[31m
          [33mclass[31m=[32m"offcanvas-body d-flex flex-column"[31m
        [36m>[31m
          [36m<div[31m
            [33mclass[31m=[32m"mb-3"[31m
          [36m>[31m
            [36m<label[31m
              [33mclass[31m=[32m"form-label"[31m
            [36m>[31m
              [0mRelationship Type[0m
            [36m</label>[31m
            [36m<div>[31m
              [36m<div[31m
                [33mclass[31m=[32m"d-flex flex-wrap gap-2 mb-2"[31m
              [36m>[31m
                [36m<button[31m
                  [33mclass[31m=[32m"btn btn-sm btn-outline-secondary"[31m
                  [33mtitle[31m=[32m"Biological parent of current person."[31m
                  [33mtype[31m=[32m"button"[31m
                [36m>[31m
                  [0mParent[0m
                [36m</button>[31m
                [36m<button[31m
                  [33mclass[31m=[32m"btn btn-sm btn-primary"[31m
                  [33mtitle[31m=[32m"Biological child of current person."[31m
                  [33mtype[31m=[32m"button"[31m
                [36m>[31m
                  [0mChild[0m
                [36m</button>[31m
                [36m<button[31m
                  [33mclass[31m=[32m"btn btn-sm btn-outline-secondary"[31m
                  [33mtitle[31m=[32m"Marriage relationship."[31m
                  [33mtype[31m=[32m"button"[31m
                [36m>[31m
                  [0mSpouse[0m
                [36m</button>[31m
                [36m<button[31m
                  [33mclass[31m=[32m"btn btn-sm btn-outline-secondary"[31m
                  [33mdisabled[31m=[32m""[31m
                  [33mstyle[31m=[32m"border-style: dotted;"[31m
                  [33mtitle[31m=[32m"Adoptive relationships are not yet supported."[31m
                  [33mtype[31m=[32m"button"[31m
                [36m>[31m
                  [0mAdoptive Parent[0m
                [36m</button>[31m
                [36m<button[31m
                  [33mclass[31m=[32m"btn btn-sm btn-outline-secondary"[31m
                  [33mdisabled[31m=[32m""[31m
                  [33mstyle[31m=[32m"border-style: dashed;"[31m
                  [33mtitle[31m=[32m"Step-parent relationships are not yet supported."[31m
                  [33mtype[31m=[32m"button"[31m
                [36m>[31m
                  [0mStep-Parent[0m
                [36m</button>[31m
                [36m<button[31m
                  [33mclass[31m=[32m"btn btn-sm btn-outline-secondary"[31m
                  [33mdisabled[31m=[32m""[31m
                  [33mstyle[31m=[32m"border-style: dashed;"[31m
                  [33mtitle[31m=[32m"Step-child relationships are not yet supported."[31m
                  [33mtype[31m=[32m"button"[31m
                [36m>[31m
                  [0mStep-Child[0m
                [36m</button>[31m
              [36m</div>[31m
              [36m<div[31m
                [33mclass[31m=[32m"text-muted small"[31m
              [36m>[31m
                [36m<p[31m
                  [33mclass[31m=[32m"mb-1"[31m
                [36m>[31m
                  [36m<strong>[31m
                    [0mParent[0m
                  [36m</strong>[31m
                  [0m: A biological parent. Max two parents enforced.[0m
                [36m</p>[31m
                [36m<p[31m
                  [33mclass[31m=[32m"mb-1"[31m
                [36m>[31m
                  [36m<strong>[31m
                    [0mChild[0m
                  [36m</strong>[31m
                  [0m: A biological child of the current person.[0m
                [36m</p>[31m
                [36m<p[31m
                  [33mclass[31m=[32m"mb-1"[31m
                [36m>[31m
                  [36m<strong>[31m
                    [0mSpouse[0m
                  [36m</strong>[31m
                  [0m: Marriage relationship. Cannot be both a parent or child.[0m
                [36m</p>[31m
                [36m<p[31m
                  [33mclass[31m=[32m"mb-1"[31m
                [36m>[31m
                  [36m<strong>[31m
                    [0mAdoptive/Step[0m
                  [36m</strong>[31m
                  [0m: Displayed for clarity, creation not yet supported.[0m
                [36m</p>[31m
              [36m</div>[31m
            [36m</div>[31m
          [36m</div>[31m
          [36m<div[31m
            [33mclass[31m=[32m"row g-3"[31m
          [36m>[31m
            [36m<div[31m
              [33mclass[31m=[32m"col-6"[31m
            [36m>[31m
              [36m<div[31m
                [33mclass[31m=[32m"card h-100"[31m
              [36m>[31m
                [36m<div[31m
                  [33mclass[31m=[32m"card-header"[31m
                [36m>[31m
                  [0mSelect Existing Person[0m
                [36m</div>[31m
                [36m<div[31m
                  [33mclass[31m=[32m"card-body"[31m
                [36m>[31m
                  [36m<div>[31m
                    [36m<button>[31m
                      [0mSelect P2[0m
                    [36m</button>[31m
                  [36m</div>[31m
                  [36m<div[31m
                    [33mclass[31m=[32m"mt-2 d-flex justify-content-end"[31m
                  [36m>[31m
                    [36m<button[31m
                      [33mclass[31m=[32m"btn btn-primary"[31m
                      [33mdisabled[31m=[32m""[31m
                    [36m>[31m
                      [0mLinkingÔÇª[0m
                    [36m</button>[31m
                  [36m</div>[31m
                [36m</div>[31m
              [36m</div>[31m
            [36m</div>[31m
            [36m<div[31m
              [33mclass[31m=[32m"col-6"[31m
            [36m>[31m
              [36m<div[31m
                [33mclass[31m=[32m"card h-100"[31m
              [36m>[31m
                [36m<div[31m
                  [33mclass[31m=[32m"card-header"[31m
                [36m>[31m
                  [0mCreate New Person[0m
                [36m</div>[31m
                [36m<div[31m
                  [33mclass[31m=[32m"card-body"[31m
                [36m>[31m
                  [36m<form[31m
                    [33mclass[31m=[32m"d-flex flex-column gap-2"[31m
                  [36m>[31m
                    [36m<input[31m
                      [33mclass[31m=[32m"form-control"[31m
                      [33mplaceholder[31m=[32m"Person ID"[31m
                      [33mrequired[31m=[32m""[31m
                      [33mvalue[31m=[32m""[31m
                    [36m/>[31m
                    [36m<input[31m
                      [33mclass[31m=[32m"form-control"[31m
                      [33mplaceholder[31m=[32m"Full Name"[31m
                      [33mrequired[31m=[32m""[31m
                      [33mvalue[31m=[32m""[31m
                    [36m/>[31m
                    [36m<select[31m
                      [33mclass[31m=[32m"form-select"[31m
                    [36m>[31m
                      [36m<option[31m
                        [33mvalue[31m=[32m"MALE"[31m
                      [36m>[31m
                        [0mMale[0m
                      [36m</option>[31m
                      [36m<option[31m
                        [33mvalue[31m=[32m"FEMALE"[31m
                      [36m>[31m
                        [0mFemale[0m
                      [36m</option>[31m
                      [36m<option[31m
                        [33mvalue[31m=[32m"UNKNOWN"[31m
                      [36m>[31m
                        [0mUnknown[0m
                      [36m</option>[31m
                    [36m</select>[31m
                    [36m<input[31m
                      [33mclass[31m=[32m"form-control"[31m
                      [33mplaceholder[31m=[32m"Birth Date"[31m
                      [33mtype[31m=[32m"date"[31m
                      [33mvalue[31m=[32m""[31m
                    [36m/>[31m
                    [36m<input[31m
                      [33mclass[31m=[32m"form-control"[31m
                      [33mplaceholder[31m=[32m"Death Date"[31m
                      [33mtype[31m=[32m"date"[31m
                      [33mvalue[31m=[32m""[31m
                    [36m/>[31m
                    [36m<button[31m
                      [33mclass[31m=[32m"btn btn-success"[31m
                      [33mtype[31m=[32m"submit"[31m
                    [36m>[31m
                      [0mCreate and Link[0m
                    [36m</button>[31m
                  [36m</form>[31m
                [36m</div>[31m
              [36m</div>[31m
            [36m</div>[31m
          [36m</div>[31m
        [36m</div>[31m
      [36m</div>[31m
      [36m<div[31m
        [33mclass[31m=[32m"offcanvas-backdrop fade show"[31m
      [36m/>[31m
    [36m</div>[31m
  [36m</body>[31m
[36m</html>[31m[39m
[31m   [33mÔØ»[31m src/__tests__/relationshipIntegration.test.tsx[2m > [22mRelationshipManager Integration[2m > [22mcreates new person and links as spouse[39m
[31m     ÔåÆ Unable to find an element with the text: /Spouse relationship created successfully/i. This could be because the text is broken up by multiple elements. In this case, you can provide a function for your text matcher to make your matcher more flexible.

Ignored nodes: comments, script, style
[36m<body>[31m
  [36m<div>[31m
    [36m<div[31m
      [33maria-labelledby[31m=[32m"relationshipManagerOffcanvasLabel"[31m
      [33mclass[31m=[32m"offcanvas offcanvas-end show"[31m
      [33mid[31m=[32m"relationshipManagerOffcanvas"[31m
      [33mstyle[31m=[32m"visibility: visible; max-width: 720px; width: 100%;"[31m
      [33mtabindex[31m=[32m"-1"[31m
    [36m>[31m
      [36m<div[31m
        [33mclass[31m=[32m"offcanvas-header border-bottom"[31m
      [36m>[31m
        [36m<h5[31m
          [33mclass[31m=[32m"offcanvas-title"[31m
          [33mid[31m=[32m"relationshipManagerOffcanvasLabel"[31m
        [36m>[31m
          [0mAdd Relative for [0m
          [0mP1[0m
        [36m</h5>[31m
        [36m<button[31m
          [33maria-label[31m=[32m"Close"[31m
          [33mclass[31m=[32m"btn-close text-reset"[31m
          [33mtype[31m=[32m"button"[31m
        [36m/>[31m
      [36m</div>[31m
      [36m<div[31m
        [33mclass[31m=[32m"offcanvas-body d-flex flex-column"[31m
      [36m>[31m
        [36m<div[31m
          [33mclass[31m=[32m"mb-3"[31m
        [36m>[31m
          [36m<label[31m
            [33mclass[31m=[32m"form-label"[31m
          [36m>[31m
            [0mRelationship Type[0m
          [36m</label>[31m
          [36m<div>[31m
            [36m<div[31m
              [33mclass[31m=[32m"d-flex flex-wrap gap-2 mb-2"[31m
            [36m>[31m
              [36m<button[31m
                [33mclass[31m=[32m"btn btn-sm btn-outline-secondary"[31m
                [33mtitle[31m=[32m"Biological parent of current person."[31m
                [33mtype[31m=[32m"button"[31m
              [36m>[31m
                [0mParent[0m
              [36m</button>[31m
              [36m<button[31m
                [33mclass[31m=[32m"btn btn-sm btn-outline-secondary"[31m
                [33mtitle[31m=[32m"Biological child of current person."[31m
                [33mtype[31m=[32m"button"[31m
              [36m>[31m
                [0mChild[0m
              [36m</button>[31m
              [36m<button[31m
                [33mclass[31m=[32m"btn btn-sm btn-primary"[31m
                [33mtitle[31m=[32m"Marriage relationship."[31m
                [33mtype[31m=[32m"button"[31m
              [36m>[31m
                [0mSpouse[0m
              [36m</button>[31m
              [36m<button[31m
                [33mclass[31m=[32m"btn btn-sm btn-outline-secondary"[31m
                [33mdisabled[31m=[32m""[31m
                [33mstyle[31m=[32m"border-style: dotted;"[31m
                [33mtitle[31m=[32m"Adoptive relationships are not yet supported."[31m
                [33mtype[31m=[32m"button"[31m
              [36m>[31m
                [0mAdoptive Parent[0m
              [36m</button>[31m
              [36m<button[31m
                [33mclass[31m=[32m"btn btn-sm btn-outline-secondary"[31m
                [33mdisabled[31m=[32m""[31m
                [33mstyle[31m=[32m"border-style: dashed;"[31m
                [33mtitle[31m=[32m"Step-parent relationships are not yet supported."[31m
                [33mtype[31m=[32m"button"[31m
              [36m>[31m
                [0mStep-Parent[0m
              [36m</button>[31m
              [36m<button[31m
                [33mclass[31m=[32m"btn btn-sm btn-outline-secondary"[31m
                [33mdisabled[31m=[32m""[31m
                [33mstyle[31m=[32m"border-style: dashed;"[31m
                [33mtitle[31m=[32m"Step-child relationships are not yet supported."[31m
                [33mtype[31m=[32m"button"[31m
              [36m>[31m
                [0mStep-Child[0m
              [36m</button>[31m
            [36m</div>[31m
            [36m<div[31m
              [33mclass[31m=[32m"text-muted small"[31m
            [36m>[31m
              [36m<p[31m
                [33mclass[31m=[32m"mb-1"[31m
              [36m>[31m
                [36m<strong>[31m
                  [0mParent[0m
                [36m</strong>[31m
                [0m: A biological parent. Max two parents enforced.[0m
              [36m</p>[31m
              [36m<p[31m
                [33mclass[31m=[32m"mb-1"[31m
              [36m>[31m
                [36m<strong>[31m
                  [0mChild[0m
                [36m</strong>[31m
                [0m: A biological child of the current person.[0m
              [36m</p>[31m
              [36m<p[31m
                [33mclass[31m=[32m"mb-1"[31m
              [36m>[31m
                [36m<strong>[31m
                  [0mSpouse[0m
                [36m</strong>[31m
                [0m: Marriage relationship. Cannot be both a parent or child.[0m
              [36m</p>[31m
              [36m<p[31m
                [33mclass[31m=[32m"mb-1"[31m
              [36m>[31m
                [36m<strong>[31m
                  [0mAdoptive/Step[0m
                [36m</strong>[31m
                [0m: Displayed for clarity, creation not yet supported.[0m
              [36m</p>[31m
            [36m</div>[31m
          [36m</div>[31m
        [36m</div>[31m
        [36m<div[31m
          [33mclass[31m=[32m"row g-3"[31m
        [36m>[31m
          [36m<div[31m
            [33mclass[31m=[32m"col-6"[31m
          [36m>[31m
            [36m<div[31m
              [33mclass[31m=[32m"card h-100"[31m
            [36m>[31m
              [36m<div[31m
                [33mclass[31m=[32m"card-header"[31m
              [36m>[31m
                [0mSelect Existing Person[0m
              [36m</div>[31m
              [36m<div[31m
                [33mclass[31m=[32m"card-body"[31m
              [36m>[31m
                [36m<div>[31m
                  [36m<button>[31m
                    [0mSelect P2[0m
                  [36m</button>[31m
                [36m</div>[31m
                [36m<div[31m
                  [33mclass[31m=[32m"mt-2 d-flex justify-content-end"[31m
                [36m>[31m
                  [36m<button[31m
                    [33mclass[31m=[32m"btn btn-primary"[31m
                    [33mdisabled[31m=[32m""[31m
                  [36m>[31m
                    [0mLink Selected[0m
                  [36m</button>[31m
                [36m</div>[31m
              [36m</div>[31m
            [36m</div>[31m
          [36m</div>[31m
          [36m<div[31m
            [33mclass[31m=[32m"col-6"[31m
          [36m>[31m
            [36m<div[31m
              [33mclass[31m=[32m"card h-100"[31m
            [36m>[31m
              [36m<div[31m
                [33mclass[31m=[32m"card-header"[31m
              [36m>[31m
                [0mCreate New Person[0m
              [36m</div>[31m
              [36m<div[31m
                [33mclass[31m=[32m"card-body"[31m
              [36m>[31m
                [36m<form[31m
                  [33mclass[31m=[32m"d-flex flex-column gap-2"[31m
                [36m>[31m
                  [36m<input[31m
                    [33mclass[31m=[32m"form-control"[31m
                    [33mplaceholder[31m=[32m"Person ID"[31m
                    [33mrequired[31m=[32m""[31m
                    [33mvalue[31m=[32m"new-spouse"[31m
                  [36m/>[31m
                  [36m<input[31m
                    [33mclass[31m=[32m"form-control"[31m
                    [33mplaceholder[31m=[32m"Full Name"[31m
                    [33mrequired[31m=[32m""[31m
                    [33mvalue[31m=[32m"New Spouse"[31m
                  [36m/>[31m
                  [36m<select[31m
                    [33mclass[31m=[32m"form-select"[31m
                  [36m>[31m
                    [36m<option[31m
                      [33mvalue[31m=[32m"MALE"[31m
                    [36m>[31m
                      [0mMale[0m
                    [36m</option>[31m
                    [36m<option[31m
                      [33mvalue[31m=[32m"FEMALE"[31m
                    [36m>[31m
                      [0mFemale[0m
                    [36m</option>[31m
                    [36m<option[31m
                      [33mvalue[31m=[32m"UNKNOWN"[31m
                    [36m>[31m
                      [0mUnknown[0m
                    [36m</option>[31m
                  [36m</select>[31m
                  [36m<input[31m
                    [33mclass[31m=[32m"form-control"[31m
                    [33mplaceholder[31m=[32m"Birth Date"[31m
                    [33mtype[31m=[32m"date"[31m
                    [33mvalue[31m=[32m""[31m
                  [36m/>[31m
                  [36m<input[31m
                    [33mclass[31m=[32m"form-control"[31m
                    [33mplaceholder[31m=[32m"Death Date"[31m
                    [33mtype[31m=[32m"date"[31m
                    [33mvalue[31m=[32m""[31m
                  [36m/>[31m
                  [36m<button[31m
                    [33mclass[31m=[32m"btn btn-success"[31m
                    [33mdisabled[31m=[32m""[31m
                    [33mtype[31m=[32m"submit"[31m
                  [36m>[31m
                    [0mCreatingÔÇª[0m
                  [36m</button>[31m
                [36m</form>[31m
              [36m</div>[31m
            [36m</div>[31m
          [36m</div>[31m
        [36m</div>[31m
      [36m</div>[31m
    [36m</div>[31m
    [36m<div[31m
      [33mclass[31m=[32m"offcanvas-backdrop fade show"[31m
    [36m/>[31m
  [36m</div>[31m
[36m</body>[31m

Ignored nodes: comments, script, style
[36m<html>[31m
  [36m<head />[31m
  [36m<body>[31m
    [36m<div>[31m
      [36m<div[31m
        [33maria-labelledby[31m=[32m"relationshipManagerOffcanvasLabel"[31m
        [33mclass[31m=[32m"offcanvas offcanvas-end show"[31m
        [33mid[31m=[32m"relationshipManagerOffcanvas"[31m
        [33mstyle[31m=[32m"visibility: visible; max-width: 720px; width: 100%;"[31m
        [33mtabindex[31m=[32m"-1"[31m
      [36m>[31m
        [36m<div[31m
          [33mclass[31m=[32m"offcanvas-header border-bottom"[31m
        [36m>[31m
          [36m<h5[31m
            [33mclass[31m=[32m"offcanvas-title"[31m
            [33mid[31m=[32m"relationshipManagerOffcanvasLabel"[31m
          [36m>[31m
            [0mAdd Relative for [0m
            [0mP1[0m
          [36m</h5>[31m
          [36m<button[31m
            [33maria-label[31m=[32m"Close"[31m
            [33mclass[31m=[32m"btn-close text-reset"[31m
            [33mtype[31m=[32m"button"[31m
          [36m/>[31m
        [36m</div>[31m
        [36m<div[31m
          [33mclass[31m=[32m"offcanvas-body d-flex flex-column"[31m
        [36m>[31m
          [36m<div[31m
            [33mclass[31m=[32m"mb-3"[31m
          [36m>[31m
            [36m<label[31m
              [33mclass[31m=[32m"form-label"[31m
            [36m>[31m
              [0mRelationship Type[0m
            [36m</label>[31m
            [36m<div>[31m
              [36m<div[31m
                [33mclass[31m=[32m"d-flex flex-wrap gap-2 mb-2"[31m
              [36m>[31m
                [36m<button[31m
                  [33mclass[31m=[32m"btn btn-sm btn-outline-secondary"[31m
                  [33mtitle[31m=[32m"Biological parent of current person."[31m
                  [33mtype[31m=[32m"button"[31m
                [36m>[31m
                  [0mParent[0m
                [36m</button>[31m
                [36m<button[31m
                  [33mclass[31m=[32m"btn btn-sm btn-outline-secondary"[31m
                  [33mtitle[31m=[32m"Biological child of current person."[31m
                  [33mtype[31m=[32m"button"[31m
                [36m>[31m
                  [0mChild[0m
                [36m</button>[31m
                [36m<button[31m
                  [33mclass[31m=[32m"btn btn-sm btn-primary"[31m
                  [33mtitle[31m=[32m"Marriage relationship."[31m
                  [33mtype[31m=[32m"button"[31m
                [36m>[31m
                  [0mSpouse[0m
                [36m</button>[31m
                [36m<button[31m
                  [33mclass[31m=[32m"btn btn-sm btn-outline-secondary"[31m
                  [33mdisabled[31m=[32m""[31m
                  [33mstyle[31m=[32m"border-style: dotted;"[31m
                  [33mtitle[31m=[32m"Adoptive relationships are not yet supported."[31m
                  [33mtype[31m=[32m"button"[31m
                [36m>[31m
                  [0mAdoptive Parent[0m
                [36m</button>[31m
                [36m<button[31m
                  [33mclass[31m=[32m"btn btn-sm btn-outline-secondary"[31m
                  [33mdisabled[31m=[32m""[31m
                  [33mstyle[31m=[32m"border-style: dashed;"[31m
                  [33mtitle[31m=[32m"Step-parent relationships are not yet supported."[31m
                  [33mtype[31m=[32m"button"[31m
                [36m>[31m
                  [0mStep-Parent[0m
                [36m</button>[31m
                [36m<button[31m
                  [33mclass[31m=[32m"btn btn-sm btn-outline-secondary"[31m
                  [33mdisabled[31m=[32m""[31m
                  [33mstyle[31m=[32m"border-style: dashed;"[31m
                  [33mtitle[31m=[32m"Step-child relationships are not yet supported."[31m
                  [33mtype[31m=[32m"button"[31m
                [36m>[31m
                  [0mStep-Child[0m
                [36m</button>[31m
              [36m</div>[31m
              [36m<div[31m
                [33mclass[31m=[32m"text-muted small"[31m
              [36m>[31m
                [36m<p[31m
                  [33mclass[31m=[32m"mb-1"[31m
                [36m>[31m
                  [36m<strong>[31m
                    [0mParent[0m
                  [36m</strong>[31m
                  [0m: A biological parent. Max two parents enforced.[0m
                [36m</p>[31m
                [36m<p[31m
                  [33mclass[31m=[32m"mb-1"[31m
                [36m>[31m
                  [36m<strong>[31m
                    [0mChild[0m
                  [36m</strong>[31m
                  [0m: A biological child of the current person.[0m
                [36m</p>[31m
                [36m<p[31m
                  [33mclass[31m=[32m"mb-1"[31m
                [36m>[31m
                  [36m<strong>[31m
                    [0mSpouse[0m
                  [36m</strong>[31m
                  [0m: Marriage relationship. Cannot be both a parent or child.[0m
                [36m</p>[31m
                [36m<p[31m
                  [33mclass[31m=[32m"mb-1"[31m
                [36m>[31m
                  [36m<strong>[31m
                    [0mAdoptive/Step[0m
                  [36m</strong>[31m
                  [0m: Displayed for clarity, creation not yet supported.[0m
                [36m</p>[31m
              [36m</div>[31m
            [36m</div>[31m
          [36m</div>[31m
          [36m<div[31m
            [33mclass[31m=[32m"row g-3"[31m
          [36m>[31m
            [36m<div[31m
              [33mclass[31m=[32m"col-6"[31m
            [36m>[31m
              [36m<div[31m
                [33mclass[31m=[32m"card h-100"[31m
              [36m>[31m
                [36m<div[31m
                  [33mclass[31m=[32m"card-header"[31m
                [36m>[31m
                  [0mSelect Existing Person[0m
                [36m</div>[31m
                [36m<div[31m
                  [33mclass[31m=[32m"card-body"[31m
                [36m>[31m
                  [36m<div>[31m
                    [36m<button>[31m
                      [0mSelect P2[0m
                    [36m</button>[31m
                  [36m</div>[31m
                  [36m<div[31m
                    [33mclass[31m=[32m"mt-2 d-flex justify-content-end"[31m
                  [36m>[31m
                    [36m<button[31m
                      [33mclass[31m=[32m"btn btn-primary"[31m
                      [33mdisabled[31m=[32m""[31m
                    [36m>[31m
                      [0mLink Selected[0m
                    [36m</button>[31m
                  [36m</div>[31m
                [36m</div>[31m
              [36m</div>[31m
            [36m</div>[31m
            [36m<div[31m
              [33mclass[31m=[32m"col-6"[31m
            [36m>[31m
              [36m<div[31m
                [33mclass[31m=[32m"card h-100"[31m
              [36m>[31m
                [36m<div[31m
                  [33mclass[31m=[32m"card-header"[31m
                [36m>[31m
                  [0mCreate New Person[0m
                [36m</div>[31m
                [36m<div[31m
                  [33mclass[31m=[32m"card-body"[31m
                [36m>[31m
                  [36m<form[31m
                    [33mclass[31m=[32m"d-flex flex-column gap-2"[31m
                  [36m>[31m
                    [36m<input[31m
                      [33mclass[31m=[32m"form-control"[31m
                      [33mplaceholder[31m=[32m"Person ID"[31m
                      [33mrequired[31m=[32m""[31m
                      [33mvalue[31m=[32m"new-spouse"[31m
                    [36m/>[31m
                    [36m<input[31m
                      [33mclass[31m=[32m"form-control"[31m
                      [33mplaceholder[31m=[32m"Full Name"[31m
                      [33mrequired[31m=[32m""[31m
                      [33mvalue[31m=[32m"New Spouse"[31m
                    [36m/>[31m
                    [36m<select[31m
                      [33mclass[31m=[32m"form-select"[31m
                    [36m>[31m
                      [36m<option[31m
                        [33mvalue[31m=[32m"MALE"[31m
                      [36m>[31m
                        [0mMale[0m
                      [36m</option>[31m
                      [36m<option[31m
                        [33mvalue[31m=[32m"FEMALE"[31m
                      [36m>[31m
                        [0mFemale[0m
                      [36m</option>[31m
                      [36m<option[31m
                        [33mvalue[31m=[32m"UNKNOWN"[31m
                      [36m>[31m
                        [0mUnknown[0m
                      [36m</option>[31m
                    [36m</select>[31m
                    [36m<input[31m
                      [33mclass[31m=[32m"form-control"[31m
                      [33mplaceholder[31m=[32m"Birth Date"[31m
                      [33mtype[31m=[32m"date"[31m
                      [33mvalue[31m=[32m""[31m
                    [36m/>[31m
                    [36m<input[31m
                      [33mclass[31m=[32m"form-control"[31m
                      [33mplaceholder[31m=[32m"Death Date"[31m
                      [33mtype[31m=[32m"date"[31m
                      [33mvalue[31m=[32m""[31m
                    [36m/>[31m
                    [36m<button[31m
                      [33mclass[31m=[32m"btn btn-success"[31m
                      [33mdisabled[31m=[32m""[31m
                      [33mtype[31m=[32m"submit"[31m
                    [36m>[31m
                      [0mCreatingÔÇª[0m
                    [36m</button>[31m
                  [36m</form>[31m
                [36m</div>[31m
              [36m</div>[31m
            [36m</div>[31m
          [36m</div>[31m
        [36m</div>[31m
      [36m</div>[31m
      [36m<div[31m
        [33mclass[31m=[32m"offcanvas-backdrop fade show"[31m
      [36m/>[31m
    [36m</div>[31m
  [36m</body>[31m
[36m</html>[31m[39m
[31m   [33mÔØ»[31m src/__tests__/relationshipIntegration.test.tsx[2m > [22mRelationshipManager Integration[2m > [22mhandles API error gracefully[39m
[31m     ÔåÆ Unable to find an element with the text: /Server is having trouble/i. This could be because the text is broken up by multiple elements. In this case, you can provide a function for your text matcher to make your matcher more flexible.

Ignored nodes: comments, script, style
[36m<body>[31m
  [36m<div>[31m
    [36m<div[31m
      [33maria-labelledby[31m=[32m"relationshipManagerOffcanvasLabel"[31m
      [33mclass[31m=[32m"offcanvas offcanvas-end show"[31m
      [33mid[31m=[32m"relationshipManagerOffcanvas"[31m
      [33mstyle[31m=[32m"visibility: visible; max-width: 720px; width: 100%;"[31m
      [33mtabindex[31m=[32m"-1"[31m
    [36m>[31m
      [36m<div[31m
        [33mclass[31m=[32m"offcanvas-header border-bottom"[31m
      [36m>[31m
        [36m<h5[31m
          [33mclass[31m=[32m"offcanvas-title"[31m
          [33mid[31m=[32m"relationshipManagerOffcanvasLabel"[31m
        [36m>[31m
          [0mAdd Relative for [0m
          [0mP1[0m
        [36m</h5>[31m
        [36m<button[31m
          [33maria-label[31m=[32m"Close"[31m
          [33mclass[31m=[32m"btn-close text-reset"[31m
          [33mtype[31m=[32m"button"[31m
        [36m/>[31m
      [36m</div>[31m
      [36m<div[31m
        [33mclass[31m=[32m"offcanvas-body d-flex flex-column"[31m
      [36m>[31m
        [36m<div[31m
          [33mclass[31m=[32m"mb-3"[31m
        [36m>[31m
          [36m<label[31m
            [33mclass[31m=[32m"form-label"[31m
          [36m>[31m
            [0mRelationship Type[0m
          [36m</label>[31m
          [36m<div>[31m
            [36m<div[31m
              [33mclass[31m=[32m"d-flex flex-wrap gap-2 mb-2"[31m
            [36m>[31m
              [36m<button[31m
                [33mclass[31m=[32m"btn btn-sm btn-primary"[31m
                [33mtitle[31m=[32m"Biological parent of current person."[31m
                [33mtype[31m=[32m"button"[31m
              [36m>[31m
                [0mParent[0m
              [36m</button>[31m
              [36m<button[31m
                [33mclass[31m=[32m"btn btn-sm btn-outline-secondary"[31m
                [33mtitle[31m=[32m"Biological child of current person."[31m
                [33mtype[31m=[32m"button"[31m
              [36m>[31m
                [0mChild[0m
              [36m</button>[31m
              [36m<button[31m
                [33mclass[31m=[32m"btn btn-sm btn-outline-secondary"[31m
                [33mtitle[31m=[32m"Marriage relationship."[31m
                [33mtype[31m=[32m"button"[31m
              [36m>[31m
                [0mSpouse[0m
              [36m</button>[31m
              [36m<button[31m
                [33mclass[31m=[32m"btn btn-sm btn-outline-secondary"[31m
                [33mdisabled[31m=[32m""[31m
                [33mstyle[31m=[32m"border-style: dotted;"[31m
                [33mtitle[31m=[32m"Adoptive relationships are not yet supported."[31m
                [33mtype[31m=[32m"button"[31m
              [36m>[31m
                [0mAdoptive Parent[0m
              [36m</button>[31m
              [36m<button[31m
                [33mclass[31m=[32m"btn btn-sm btn-outline-secondary"[31m
                [33mdisabled[31m=[32m""[31m
                [33mstyle[31m=[32m"border-style: dashed;"[31m
                [33mtitle[31m=[32m"Step-parent relationships are not yet supported."[31m
                [33mtype[31m=[32m"button"[31m
              [36m>[31m
                [0mStep-Parent[0m
              [36m</button>[31m
              [36m<button[31m
                [33mclass[31m=[32m"btn btn-sm btn-outline-secondary"[31m
                [33mdisabled[31m=[32m""[31m
                [33mstyle[31m=[32m"border-style: dashed;"[31m
                [33mtitle[31m=[32m"Step-child relationships are not yet supported."[31m
                [33mtype[31m=[32m"button"[31m
              [36m>[31m
                [0mStep-Child[0m
              [36m</button>[31m
            [36m</div>[31m
            [36m<div[31m
              [33mclass[31m=[32m"text-muted small"[31m
            [36m>[31m
              [36m<p[31m
                [33mclass[31m=[32m"mb-1"[31m
              [36m>[31m
                [36m<strong>[31m
                  [0mParent[0m
                [36m</strong>[31m
                [0m: A biological parent. Max two parents enforced.[0m
              [36m</p>[31m
              [36m<p[31m
                [33mclass[31m=[32m"mb-1"[31m
              [36m>[31m
                [36m<strong>[31m
                  [0mChild[0m
                [36m</strong>[31m
                [0m: A biological child of the current person.[0m
              [36m</p>[31m
              [36m<p[31m
                [33mclass[31m=[32m"mb-1"[31m
              [36m>[31m
                [36m<strong>[31m
                  [0mSpouse[0m
                [36m</strong>[31m
                [0m: Marriage relationship. Cannot be both a parent or child.[0m
              [36m</p>[31m
              [36m<p[31m
                [33mclass[31m=[32m"mb-1"[31m
              [36m>[31m
                [36m<strong>[31m
                  [0mAdoptive/Step[0m
                [36m</strong>[31m
                [0m: Displayed for clarity, creation not yet supported.[0m
              [36m</p>[31m
            [36m</div>[31m
          [36m</div>[31m
        [36m</div>[31m
        [36m<div[31m
          [33mclass[31m=[32m"row g-3"[31m
        [36m>[31m
          [36m<div[31m
            [33mclass[31m=[32m"col-6"[31m
          [36m>[31m
            [36m<div[31m
              [33mclass[31m=[32m"card h-100"[31m
            [36m>[31m
              [36m<div[31m
                [33mclass[31m=[32m"card-header"[31m
              [36m>[31m
                [0mSelect Existing Person[0m
              [36m</div>[31m
              [36m<div[31m
                [33mclass[31m=[32m"card-body"[31m
              [36m>[31m
                [36m<div>[31m
                  [36m<button>[31m
                    [0mSelect P2[0m
                  [36m</button>[31m
                [36m</div>[31m
                [36m<div[31m
                  [33mclass[31m=[32m"mt-2 d-flex justify-content-end"[31m
                [36m>[31m
                  [36m<button[31m
                    [33mclass[31m=[32m"btn btn-primary"[31m
                    [33mdisabled[31m=[32m""[31m
                  [36m>[31m
                    [0mLinkingÔÇª[0m
                  [36m</button>[31m
                [36m</div>[31m
              [36m</div>[31m
            [36m</div>[31m
          [36m</div>[31m
          [36m<div[31m
            [33mclass[31m=[32m"col-6"[31m
          [36m>[31m
            [36m<div[31m
              [33mclass[31m=[32m"card h-100"[31m
            [36m>[31m
              [36m<div[31m
                [33mclass[31m=[32m"card-header"[31m
              [36m>[31m
                [0mCreate New Person[0m
              [36m</div>[31m
              [36m<div[31m
                [33mclass[31m=[32m"card-body"[31m
              [36m>[31m
                [36m<form[31m
                  [33mclass[31m=[32m"d-flex flex-column gap-2"[31m
                [36m>[31m
                  [36m<input[31m
                    [33mclass[31m=[32m"form-control"[31m
                    [33mplaceholder[31m=[32m"Person ID"[31m
                    [33mrequired[31m=[32m""[31m
                    [33mvalue[31m=[32m""[31m
                  [36m/>[31m
                  [36m<input[31m
                    [33mclass[31m=[32m"form-control"[31m
                    [33mplaceholder[31m=[32m"Full Name"[31m
                    [33mrequired[31m=[32m""[31m
                    [33mvalue[31m=[32m""[31m
                  [36m/>[31m
                  [36m<select[31m
                    [33mclass[31m=[32m"form-select"[31m
                  [36m>[31m
                    [36m<option[31m
                      [33mvalue[31m=[32m"MALE"[31m
                    [36m>[31m
                      [0mMale[0m
                    [36m</option>[31m
                    [36m<option[31m
                      [33mvalue[31m=[32m"FEMALE"[31m
                    [36m>[31m
                      [0mFemale[0m
                    [36m</option>[31m
                    [36m<option[31m
                      [33mvalue[31m=[32m"UNKNOWN"[31m
                    [36m>[31m
                      [0mUnknown[0m
                    [36m</option>[31m
                  [36m</select>[31m
                  [36m<input[31m
                    [33mclass[31m=[32m"form-control"[31m
                    [33mplaceholder[31m=[32m"Birth Date"[31m
                    [33mtype[31m=[32m"date"[31m
                    [33mvalue[31m=[32m""[31m
                  [36m/>[31m
                  [36m<input[31m
                    [33mclass[31m=[32m"form-control"[31m
                    [33mplaceholder[31m=[32m"Death Date"[31m
                    [33mtype[31m=[32m"date"[31m
                    [33mvalue[31m=[32m""[31m
                  [36m/>[31m
                  [36m<button[31m
                    [33mclass[31m=[32m"btn btn-success"[31m
                    [33mtype[31m=[32m"submit"[31m
                  [36m>[31m
                    [0mCreate and Link[0m
                  [36m</button>[31m
                [36m</form>[31m
              [36m</div>[31m
            [36m</div>[31m
          [36m</div>[31m
        [36m</div>[31m
      [36m</div>[31m
    [36m</div>[31m
    [36m<div[31m
      [33mclass[31m=[32m"offcanvas-backdrop fade show"[31m
    [36m/>[31m
  [36m</div>[31m
[36m</body>[31m

Ignored nodes: comments, script, style
[36m<html>[31m
  [36m<head />[31m
  [36m<body>[31m
    [36m<div>[31m
      [36m<div[31m
        [33maria-labelledby[31m=[32m"relationshipManagerOffcanvasLabel"[31m
        [33mclass[31m=[32m"offcanvas offcanvas-end show"[31m
        [33mid[31m=[32m"relationshipManagerOffcanvas"[31m
        [33mstyle[31m=[32m"visibility: visible; max-width: 720px; width: 100%;"[31m
        [33mtabindex[31m=[32m"-1"[31m
      [36m>[31m
        [36m<div[31m
          [33mclass[31m=[32m"offcanvas-header border-bottom"[31m
        [36m>[31m
          [36m<h5[31m
            [33mclass[31m=[32m"offcanvas-title"[31m
            [33mid[31m=[32m"relationshipManagerOffcanvasLabel"[31m
          [36m>[31m
            [0mAdd Relative for [0m
            [0mP1[0m
          [36m</h5>[31m
          [36m<button[31m
            [33maria-label[31m=[32m"Close"[31m
            [33mclass[31m=[32m"btn-close text-reset"[31m
            [33mtype[31m=[32m"button"[31m
          [36m/>[31m
        [36m</div>[31m
        [36m<div[31m
          [33mclass[31m=[32m"offcanvas-body d-flex flex-column"[31m
        [36m>[31m
          [36m<div[31m
            [33mclass[31m=[32m"mb-3"[31m
          [36m>[31m
            [36m<label[31m
              [33mclass[31m=[32m"form-label"[31m
            [36m>[31m
              [0mRelationship Type[0m
            [36m</label>[31m
            [36m<div>[31m
              [36m<div[31m
                [33mclass[31m=[32m"d-flex flex-wrap gap-2 mb-2"[31m
              [36m>[31m
                [36m<button[31m
                  [33mclass[31m=[32m"btn btn-sm btn-primary"[31m
                  [33mtitle[31m=[32m"Biological parent of current person."[31m
                  [33mtype[31m=[32m"button"[31m
                [36m>[31m
                  [0mParent[0m
                [36m</button>[31m
                [36m<button[31m
                  [33mclass[31m=[32m"btn btn-sm btn-outline-secondary"[31m
                  [33mtitle[31m=[32m"Biological child of current person."[31m
                  [33mtype[31m=[32m"button"[31m
                [36m>[31m
                  [0mChild[0m
                [36m</button>[31m
                [36m<button[31m
                  [33mclass[31m=[32m"btn btn-sm btn-outline-secondary"[31m
                  [33mtitle[31m=[32m"Marriage relationship."[31m
                  [33mtype[31m=[32m"button"[31m
                [36m>[31m
                  [0mSpouse[0m
                [36m</button>[31m
                [36m<button[31m
                  [33mclass[31m=[32m"btn btn-sm btn-outline-secondary"[31m
                  [33mdisabled[31m=[32m""[31m
                  [33mstyle[31m=[32m"border-style: dotted;"[31m
                  [33mtitle[31m=[32m"Adoptive relationships are not yet supported."[31m
                  [33mtype[31m=[32m"button"[31m
                [36m>[31m
                  [0mAdoptive Parent[0m
                [36m</button>[31m
                [36m<button[31m
                  [33mclass[31m=[32m"btn btn-sm btn-outline-secondary"[31m
                  [33mdisabled[31m=[32m""[31m
                  [33mstyle[31m=[32m"border-style: dashed;"[31m
                  [33mtitle[31m=[32m"Step-parent relationships are not yet supported."[31m
                  [33mtype[31m=[32m"button"[31m
                [36m>[31m
                  [0mStep-Parent[0m
                [36m</button>[31m
                [36m<button[31m
                  [33mclass[31m=[32m"btn btn-sm btn-outline-secondary"[31m
                  [33mdisabled[31m=[32m""[31m
                  [33mstyle[31m=[32m"border-style: dashed;"[31m
                  [33mtitle[31m=[32m"Step-child relationships are not yet supported."[31m
                  [33mtype[31m=[32m"button"[31m
                [36m>[31m
                  [0mStep-Child[0m
                [36m</button>[31m
              [36m</div>[31m
              [36m<div[31m
                [33mclass[31m=[32m"text-muted small"[31m
              [36m>[31m
                [36m<p[31m
                  [33mclass[31m=[32m"mb-1"[31m
                [36m>[31m
                  [36m<strong>[31m
                    [0mParent[0m
                  [36m</strong>[31m
                  [0m: A biological parent. Max two parents enforced.[0m
                [36m</p>[31m
                [36m<p[31m
                  [33mclass[31m=[32m"mb-1"[31m
                [36m>[31m
                  [36m<strong>[31m
                    [0mChild[0m
                  [36m</strong>[31m
                  [0m: A biological child of the current person.[0m
                [36m</p>[31m
                [36m<p[31m
                  [33mclass[31m=[32m"mb-1"[31m
                [36m>[31m
                  [36m<strong>[31m
                    [0mSpouse[0m
                  [36m</strong>[31m
                  [0m: Marriage relationship. Cannot be both a parent or child.[0m
                [36m</p>[31m
                [36m<p[31m
                  [33mclass[31m=[32m"mb-1"[31m
                [36m>[31m
                  [36m<strong>[31m
                    [0mAdoptive/Step[0m
                  [36m</strong>[31m
                  [0m: Displayed for clarity, creation not yet supported.[0m
                [36m</p>[31m
              [36m</div>[31m
            [36m</div>[31m
          [36m</div>[31m
          [36m<div[31m
            [33mclass[31m=[32m"row g-3"[31m
          [36m>[31m
            [36m<div[31m
              [33mclass[31m=[32m"col-6"[31m
            [36m>[31m
              [36m<div[31m
                [33mclass[31m=[32m"card h-100"[31m
              [36m>[31m
                [36m<div[31m
                  [33mclass[31m=[32m"card-header"[31m
                [36m>[31m
                  [0mSelect Existing Person[0m
                [36m</div>[31m
                [36m<div[31m
                  [33mclass[31m=[32m"card-body"[31m
                [36m>[31m
                  [36m<div>[31m
                    [36m<button>[31m
                      [0mSelect P2[0m
                    [36m</button>[31m
                  [36m</div>[31m
                  [36m<div[31m
                    [33mclass[31m=[32m"mt-2 d-flex justify-content-end"[31m
                  [36m>[31m
                    [36m<button[31m
                      [33mclass[31m=[32m"btn btn-primary"[31m
                      [33mdisabled[31m=[32m""[31m
                    [36m>[31m
                      [0mLinkingÔÇª[0m
                    [36m</button>[31m
                  [36m</div>[31m
                [36m</div>[31m
              [36m</div>[31m
            [36m</div>[31m
            [36m<div[31m
              [33mclass[31m=[32m"col-6"[31m
            [36m>[31m
              [36m<div[31m
                [33mclass[31m=[32m"card h-100"[31m
              [36m>[31m
                [36m<div[31m
                  [33mclass[31m=[32m"card-header"[31m
                [36m>[31m
                  [0mCreate New Person[0m
                [36m</div>[31m
                [36m<div[31m
                  [33mclass[31m=[32m"card-body"[31m
                [36m>[31m
                  [36m<form[31m
                    [33mclass[31m=[32m"d-flex flex-column gap-2"[31m
                  [36m>[31m
                    [36m<input[31m
                      [33mclass[31m=[32m"form-control"[31m
                      [33mplaceholder[31m=[32m"Person ID"[31m
                      [33mrequired[31m=[32m""[31m
                      [33mvalue[31m=[32m""[31m
                    [36m/>[31m
                    [36m<input[31m
                      [33mclass[31m=[32m"form-control"[31m
                      [33mplaceholder[31m=[32m"Full Name"[31m
                      [33mrequired[31m=[32m""[31m
                      [33mvalue[31m=[32m""[31m
                    [36m/>[31m
                    [36m<select[31m
                      [33mclass[31m=[32m"form-select"[31m
                    [36m>[31m
                      [36m<option[31m
                        [33mvalue[31m=[32m"MALE"[31m
                      [36m>[31m
                        [0mMale[0m
                      [36m</option>[31m
                      [36m<option[31m
                        [33mvalue[31m=[32m"FEMALE"[31m
                      [36m>[31m
                        [0mFemale[0m
                      [36m</option>[31m
                      [36m<option[31m
                        [33mvalue[31m=[32m"UNKNOWN"[31m
                      [36m>[31m
                        [0mUnknown[0m
                      [36m</option>[31m
                    [36m</select>[31m
                    [36m<input[31m
                      [33mclass[31m=[32m"form-control"[31m
                      [33mplaceholder[31m=[32m"Birth Date"[31m
                      [33mtype[31m=[32m"date"[31m
                      [33mvalue[31m=[32m""[31m
                    [36m/>[31m
                    [36m<input[31m
                      [33mclass[31m=[32m"form-control"[31m
                      [33mplaceholder[31m=[32m"Death Date"[31m
                      [33mtype[31m=[32m"date"[31m
                      [33mvalue[31m=[32m""[31m
                    [36m/>[31m
                    [36m<button[31m
                      [33mclass[31m=[32m"btn btn-success"[31m
                      [33mtype[31m=[32m"submit"[31m
                    [36m>[31m
                      [0mCreate and Link[0m
                    [36m</button>[31m
                  [36m</form>[31m
                [36m</div>[31m
              [36m</div>[31m
            [36m</div>[31m
          [36m</div>[31m
        [36m</div>[31m
      [36m</div>[31m
      [36m<div[31m
        [33mclass[31m=[32m"offcanvas-backdrop fade show"[31m
      [36m/>[31m
    [36m</div>[31m
  [36m</body>[31m
[36m</html>[31m[39m

[31mÔÄ»ÔÄ»ÔÄ»ÔÄ»ÔÄ»ÔÄ»ÔÄ»[1m[7m Failed 
Tests 4 [27m[22mÔÄ»ÔÄ»ÔÄ»ÔÄ»ÔÄ»ÔÄ»ÔÄ»[39m

[31m[1m[7m FAIL [27m[22m[39m src/__tests_
_/relationshipIntegration.test.tsx[2m > 
[22mRelationshipManager Integration[2m > 
[22madds a parent relationship successfully
[31m[1mTestingLibraryElementError[22m[39m: 
Unable to find an element with the text: 
/Parent added successfully/i. This could be 
because the text is broken up by multiple 
elements. In this case, you can provide a 
function for your text matcher to make your 
matcher more flexible.

Ignored nodes: comments, script, style
[36m<body>[39m
  [36m<div>[39m
    [36m<div[39m
      [33maria-labelledby[39m=[32m"relations
hipManagerOffcanvasLabel"[39m
      [33mclass[39m=[32m"offcanvas 
offcanvas-end show"[39m
      [33mid[39m=[32m"relationshipManagerOff
canvas"[39m
      [33mstyle[39m=[32m"visibility: 
visible; max-width: 720px; width: 100%;"[39m
      [33mtabindex[39m=[32m"-1"[39m
    [36m>[39m
      [36m<div[39m
        [33mclass[39m=[32m"offcanvas-header 
border-bottom"[39m
      [36m>[39m
        [36m<h5[39m
          
[33mclass[39m=[32m"offcanvas-title"[39m
          [33mid[39m=[32m"relationshipManage
rOffcanvasLabel"[39m
        [36m>[39m
          [0mAdd Relative for [0m
          [0mP1[0m
        [36m</h5>[39m
        [36m<button[39m
          
[33maria-label[39m=[32m"Close"[39m
          [33mclass[39m=[32m"btn-close 
text-reset"[39m
          [33mtype[39m=[32m"button"[39m
        [36m/>[39m
      [36m</div>[39m
      [36m<div[39m
        [33mclass[39m=[32m"offcanvas-body 
d-flex flex-column"[39m
      [36m>[39m
        [36m<div[39m
          [33mclass[39m=[32m"mb-3"[39m
        [36m>[39m
          [36m<label[39m
            
[33mclass[39m=[32m"form-label"[39m
          [36m>[39m
            [0mRelationship Type[0m
          [36m</label>[39m
          [36m<div>[39m
            [36m<div[39m
              [33mclass[39m=[32m"d-flex 
flex-wrap gap-2 mb-2"[39m
            [36m>[39m
              [36m<button[39m
                [33mclass[39m=[32m"btn 
btn-sm btn-primary"[39m
                
[33mtitle[39m=[32m"Biological parent of 
current person."[39m
                
[33mtype[39m=[32m"button"[39m
              [36m>[39m
                [0mParent[0m
              [36m</button>[39m
              [36m<button[39m
                [33mclass[39m=[32m"btn 
btn-sm btn-outline-secondary"[39m
                
[33mtitle[39m=[32m"Biological child of 
current person."[39m
                
[33mtype[39m=[32m"button"[39m
              [36m>[39m
                [0mChild[0m
              [36m</button>[39m
              [36m<button[39m
                [33mclass[39m=[32m"btn 
btn-sm btn-outline-secondary"[39m
                [33mtitle[39m=[32m"Marriage 
relationship."[39m
                
[33mtype[39m=[32m"button"[39m
              [36m>[39m
                [0mSpouse[0m
              [36m</button>[39m
              [36m<button[39m
                [33mclass[39m=[32m"btn 
btn-sm btn-outline-secondary"[39m
                [33mdisabled[39m=[32m""[39m
                
[33mstyle[39m=[32m"border-style: 
dotted;"[39m
                [33mtitle[39m=[32m"Adoptive 
relationships are not yet supported."[39m
                
[33mtype[39m=[32m"button"[39m
              [36m>[39m
                [0mAdoptive Parent[0m
              [36m</button>[39m
              [36m<button[39m
                [33mclass[39m=[32m"btn 
btn-sm btn-outline-secondary"[39m
                [33mdisabled[39m=[32m""[39m
                
[33mstyle[39m=[32m"border-style: 
dashed;"[39m
                
[33mtitle[39m=[32m"Step-parent 
relationships are not yet supported."[39m
                
[33mtype[39m=[32m"button"[39m
              [36m>[39m
                [0mStep-Parent[0m
              [36m</button>[39m
              [36m<button[39m
                [33mclass[39m=[32m"btn 
btn-sm btn-outline-secondary"[39m
                [33mdisabled[39m=[32m""[39m
                
[33mstyle[39m=[32m"border-style: 
dashed;"[39m
                
[33mtitle[39m=[32m"Step-child relationships 
are not yet supported."[39m
                
[33mtype[39m=[32m"button"[39m
              [36m>[39m
                [0mStep-Child[0m
              [36m</button>[39m
            [36m</div>[39m
            [36m<div[39m
              [33mclass[39m=[32m"text-muted 
small"[39m
            [36m>[39m
              [36m<p[39m
                
[33mclass[39m=[32m"mb-1"[39m
              [36m>[39m
                [36m<strong>[39m
                  [0mParent[0m
                [36m</strong>[39m
                [0m: A biological parent. Max 
two parents enforced.[0m
              [36m</p>[39m
              [36m<p[39m
                
[33mclass[39m=[32m"mb-1"[39m
              [36m>[39m
                [36m<strong>[39m
                  [0mChild[0m
                [36m</strong>[39m
                [0m: A biological child of 
the current person.[0m
              [36m</p>[39m
              [36m<p[39m
                
[33mclass[39m=[32m"mb-1"[39m
              [36m>[39m
                [36m<strong>[39m
                  [0mSpouse[0m
                [36m</strong>[39m
                [0m: Marriage relationship. 
Cannot be both a parent or child.[0m
              [36m</p>[39m
              [36m<p[39m
                
[33mclass[39m=[32m"mb-1"[39m
              [36m>[39m
                [36m<strong>[39m
                  [0mAdoptive/Step[0m
                [36m</strong>[39m
                [0m: Displayed for clarity, 
creation not yet supported.[0m
              [36m</p>[39m
            [36m</div>[39m
          [36m</div>[39m
        [36m</div>[39m
        [36m<div[39m
          [33mclass[39m=[32m"row g-3"[39m
        [36m>[39m
          [36m<div[39m
            [33mclass[39m=[32m"col-6"[39m
          [36m>[39m
            [36m<div[39m
              [33mclass[39m=[32m"card 
h-100"[39m
            [36m>[39m
              [36m<div[39m
                
[33mclass[39m=[32m"card-header"[39m
              [36m>[39m
                [0mSelect Existing Person[0m
              [36m</div>[39m
              [36m<div[39m
                
[33mclass[39m=[32m"card-body"[39m
              [36m>[39m
                [36m<div>[39m
                  [36m<button>[39m
                    [0mSelect P2[0m
                  [36m</button>[39m
                [36m</div>[39m
                [36m<div[39m
                  [33mclass[39m=[32m"mt-2 
d-flex justify-content-end"[39m
                [36m>[39m
                  [36m<button[39m
                    [33mclass[39m=[32m"btn 
btn-primary"[39m
                    
[33mdisabled[39m=[32m""[39m
                  [36m>[39m
                    [0mLinkingÔÇª[0m
                  [36m</button>[39m
                [36m</div>[39m
              [36m</div>[39m
            [36m</div>[39m
          [36m</div>[39m
          [36m<div[39m
            [33mclass[39m=[32m"col-6"[39m
          [36m>[39m
            [36m<div[39m
              [33mclass[39m=[32m"card 
h-100"[39m
            [36m>[39m
              [36m<div[39m
                
[33mclass[39m=[32m"card-header"[39m
              [36m>[39m
                [0mCreate New Person[0m
              [36m</div>[39m
              [36m<div[39m
                
[33mclass[39m=[32m"card-body"[39m
              [36m>[39m
                [36m<form[39m
                  [33mclass[39m=[32m"d-flex 
flex-column gap-2"[39m
                [36m>[39m
                  [36m<input[39m
                    
[33mclass[39m=[32m"form-control"[39m
                    
[33mplaceholder[39m=[32m"Person ID"[39m
                    
[33mrequired[39m=[32m""[39m
                    
[33mvalue[39m=[32m""[39m
                  [36m/>[39m
                  [36m<input[39m
                    
[33mclass[39m=[32m"form-control"[39m
                    
[33mplaceholder[39m=[32m"Full Name"[39m
                    
[33mrequired[39m=[32m""[39m
                    
[33mvalue[39m=[32m""[39m
                  [36m/>[39m
                  [36m<select[39m
                    
[33mclass[39m=[32m"form-select"[39m
                  [36m>[39m
                    [36m<option[39m
                      
[33mvalue[39m=[32m"MALE"[39m
                    [36m>[39m
                      [0mMale[0m
                    [36m</option>[39m
                    [36m<option[39m
                      
[33mvalue[39m=[32m"FEMALE"[39m
                    [36m>[39m
                      [0mFemale[0m
                    [36m</option>[39m
                    [36m<option[39m
                      
[33mvalue[39m=[32m"UNKNOWN"[39m
                    [36m>[39m
                      [0mUnknown[0m
                    [36m</option>[39m
                  [36m</select>[39m
                  [36m<input[39m
                    
[33mclass[39m=[32m"form-control"[39m
                    
[33mplaceholder[39m=[32m"Birth Date"[39m
                    
[33mtype[39m=[32m"date"[39m
                    
[33mvalue[39m=[32m""[39m
                  [36m/>[39m
                  [36m<input[39m
                    
[33mclass[39m=[32m"form-control"[39m
                    
[33mplaceholder[39m=[32m"Death Date"[39m
                    
[33mtype[39m=[32m"date"[39m
                    
[33mvalue[39m=[32m""[39m
                  [36m/>[39m
                  [36m<button[39m
                    [33mclass[39m=[32m"btn 
btn-success"[39m
                    
[33mtype[39m=[32m"submit"[39m
                  [36m>[39m
                    [0mCreate and Link[0m
                  [36m</button>[39m
                [36m</form>[39m
              [36m</div>[39m
            [36m</div>[39m
          [36m</div>[39m
        [36m</div>[39m
      [36m</div>[39m
    [36m</div>[39m
    [36m<div[39m
      [33mclass[39m=[32m"offcanvas-backdrop 
fade show"[39m
    [36m/>[39m
  [36m</div>[39m
[36m</body>[39m

Ignored nodes: comments, script, style
[36m<html>[39m
  [36m<head />[39m
  [36m<body>[39m
    [36m<div>[39m
      [36m<div[39m
        [33maria-labelledby[39m=[32m"relatio
nshipManagerOffcanvasLabel"[39m
        [33mclass[39m=[32m"offcanvas 
offcanvas-end show"[39m
        [33mid[39m=[32m"relationshipManagerO
ffcanvas"[39m
        [33mstyle[39m=[32m"visibility: 
visible; max-width: 720px; width: 100%;"[39m
        [33mtabindex[39m=[32m"-1"[39m
      [36m>[39m
        [36m<div[39m
          
[33mclass[39m=[32m"offcanvas-header 
border-bottom"[39m
        [36m>[39m
          [36m<h5[39m
            
[33mclass[39m=[32m"offcanvas-title"[39m
            [33mid[39m=[32m"relationshipMana
gerOffcanvasLabel"[39m
          [36m>[39m
            [0mAdd Relative for [0m
            [0mP1[0m
          [36m</h5>[39m
          [36m<button[39m
            
[33maria-label[39m=[32m"Close"[39m
            [33mclass[39m=[32m"btn-close 
text-reset"[39m
            [33mtype[39m=[32m"button"[39m
          [36m/>[39m
        [36m</div>[39m
        [36m<div[39m
          [33mclass[39m=[32m"offcanvas-body 
d-flex flex-column"[39m
        [36m>[39m
          [36m<div[39m
            [33mclass[39m=[32m"mb-3"[39m
          [36m>[39m
            [36m<label[39m
              
[33mclass[39m=[32m"form-label"[39m
            [36m>[39m
              [0mRelationship Type[0m
            [36m</label>[39m
            [36m<div>[39m
              [36m<div[39m
                [33mclass[39m=[32m"d-flex 
flex-wrap gap-2 mb-2"[39m
              [36m>[39m
                [36m<button[39m
                  [33mclass[39m=[32m"btn 
btn-sm btn-primary"[39m
                  
[33mtitle[39m=[32m"Biological parent of 
current person."[39m
                  
[33mtype[39m=[32m"button"[39m
                [36m>[39m
                  [0mParent[0m
                [36m</button>[39m
                [36m<button[39m
                  [33mclass[39m=[32m"btn 
btn-sm btn-outline-secondary"[39m
                  
[33mtitle[39m=[32m"Biological child of 
current person."[39m
                  
[33mtype[39m=[32m"button"[39m
                [36m>[39m
                  [0mChild[0m
                [36m</button>[39m
                [36m<button[39m
                  [33mclass[39m=[32m"btn 
btn-sm btn-outline-secondary"[39m
                  
[33mtitle[39m=[32m"Marriage 
relationship."[39m
                  
[33mtype[39m=[32m"button"[39m
                [36m>[39m
                  [0mSpouse[0m
                [36m</button>[39m
                [36m<button[39m
                  [33mclass[39m=[32m"btn 
btn-sm btn-outline-secondary"[39m
                  
[33mdisabled[39m=[32m""[39m
                  
[33mstyle[39m=[32m"border-style: 
dotted;"[39m
                  
[33mtitle[39m=[32m"Adoptive relationships 
are not yet supported."[39m
                  
[33mtype[39m=[32m"button"[39m
                [36m>[39m
                  [0mAdoptive Parent[0m
                [36m</button>[39m
                [36m<button[39m
                  [33mclass[39m=[32m"btn 
btn-sm btn-outline-secondary"[39m
                  
[33mdisabled[39m=[32m""[39m
                  
[33mstyle[39m=[32m"border-style: 
dashed;"[39m
                  
[33mtitle[39m=[32m"Step-parent 
relationships are not yet supported."[39m
                  
[33mtype[39m=[32m"button"[39m
                [36m>[39m
                  [0mStep-Parent[0m
                [36m</button>[39m
                [36m<button[39m
                  [33mclass[39m=[32m"btn 
btn-sm btn-outline-secondary"[39m
                  
[33mdisabled[39m=[32m""[39m
                  
[33mstyle[39m=[32m"border-style: 
dashed;"[39m
                  
[33mtitle[39m=[32m"Step-child relationships 
are not yet supported."[39m
                  
[33mtype[39m=[32m"button"[39m
                [36m>[39m
                  [0mStep-Child[0m
                [36m</button>[39m
              [36m</div>[39m
              [36m<div[39m
                
[33mclass[39m=[32m"text-muted small"[39m
              [36m>[39m
                [36m<p[39m
                  
[33mclass[39m=[32m"mb-1"[39m
                [36m>[39m
                  [36m<strong>[39m
                    [0mParent[0m
                  [36m</strong>[39m
                  [0m: A biological parent. 
Max two parents enforced.[0m
                [36m</p>[39m
                [36m<p[39m
                  
[33mclass[39m=[32m"mb-1"[39m
                [36m>[39m
                  [36m<strong>[39m
                    [0mChild[0m
                  [36m</strong>[39m
                  [0m: A biological child of 
the current person.[0m
                [36m</p>[39m
                [36m<p[39m
                  
[33mclass[39m=[32m"mb-1"[39m
                [36m>[39m
                  [36m<strong>[39m
                    [0mSpouse[0m
                  [36m</strong>[39m
                  [0m: Marriage relationship. 
Cannot be both a parent or child.[0m
                [36m</p>[39m
                [36m<p[39m
                  
[33mclass[39m=[32m"mb-1"[39m
                [36m>[39m
                  [36m<strong>[39m
                    [0mAdoptive/Step[0m
                  [36m</strong>[39m
                  [0m: Displayed for clarity, 
creation not yet supported.[0m
                [36m</p>[39m
              [36m</div>[39m
            [36m</div>[39m
          [36m</div>[39m
          [36m<div[39m
            [33mclass[39m=[32m"row g-3"[39m
          [36m>[39m
            [36m<div[39m
              [33mclass[39m=[32m"col-6"[39m
            [36m>[39m
              [36m<div[39m
                [33mclass[39m=[32m"card 
h-100"[39m
              [36m>[39m
                [36m<div[39m
                  
[33mclass[39m=[32m"card-header"[39m
                [36m>[39m
                  [0mSelect Existing 
Person[0m
                [36m</div>[39m
                [36m<div[39m
                  
[33mclass[39m=[32m"card-body"[39m
                [36m>[39m
                  [36m<div>[39m
                    [36m<button>[39m
                      [0mSelect P2[0m
                    [36m</button>[39m
                  [36m</div>[39m
                  [36m<div[39m
                    [33mclass[39m=[32m"mt-2 
d-flex justify-content-end"[39m
                  [36m>[39m
                    [36m<button[39m
                      
[33mclass[39m=[32m"btn btn-primary"[39m
                      
[33mdisabled[39m=[32m""[39m
                    [36m>[39m
                      [0mLinkingÔÇª[0m
                    [36m</button>[39m
                  [36m</div>[39m
                [36m</div>[39m
              [36m</div>[39m
            [36m</div>[39m
            [36m<div[39m
              [33mclass[39m=[32m"col-6"[39m
            [36m>[39m
              [36m<div[39m
                [33mclass[39m=[32m"card 
h-100"[39m
              [36m>[39m
                [36m<div[39m
                  
[33mclass[39m=[32m"card-header"[39m
                [36m>[39m
                  [0mCreate New Person[0m
                [36m</div>[39m
                [36m<div[39m
                  
[33mclass[39m=[32m"card-body"[39m
                [36m>[39m
                  [36m<form[39m
                    
[33mclass[39m=[32m"d-flex flex-column 
gap-2"[39m
                  [36m>[39m
                    [36m<input[39m
                      
[33mclass[39m=[32m"form-control"[39m
                      
[33mplaceholder[39m=[32m"Person ID"[39m
                      
[33mrequired[39m=[32m""[39m
                      
[33mvalue[39m=[32m""[39m
                    [36m/>[39m
                    [36m<input[39m
                      
[33mclass[39m=[32m"form-control"[39m
                      
[33mplaceholder[39m=[32m"Full Name"[39m
                      
[33mrequired[39m=[32m""[39m
                      
[33mvalue[39m=[32m""[39m
                    [36m/>[39m
                    [36m<select[39m
                      
[33mclass[39m=[32m"form-select"[39m
                    [36m>[39m
                      [36m<option[39m
                        
[33mvalue[39m=[32m"MALE"[39m
                      [36m>[39m
                        [0mMale[0m
                      [36m</option>[39m
                      [36m<option[39m
                        
[33mvalue[39m=[32m"FEMALE"[39m
                      [36m>[39m
                        [0mFemale[0m
                      [36m</option>[39m
                      [36m<option[39m
                        
[33mvalue[39m=[32m"UNKNOWN"[39m
                      [36m>[39m
                        [0mUnknown[0m
                      [36m</option>[39m
                    [36m</select>[39m
                    [36m<input[39m
                      
[33mclass[39m=[32m"form-control"[39m
                      
[33mplaceholder[39m=[32m"Birth Date"[39m
                      
[33mtype[39m=[32m"date"[39m
                      
[33mvalue[39m=[32m""[39m
                    [36m/>[39m
                    [36m<input[39m
                      
[33mclass[39m=[32m"form-control"[39m
                      
[33mplaceholder[39m=[32m"Death Date"[39m
                      
[33mtype[39m=[32m"date"[39m
                      
[33mvalue[39m=[32m""[39m
                    [36m/>[39m
                    [36m<button[39m
                      
[33mclass[39m=[32m"btn btn-success"[39m
                      
[33mtype[39m=[32m"submit"[39m
                    [36m>[39m
                      [0mCreate and Link[0m
                    [36m</button>[39m
                  [36m</form>[39m
                [36m</div>[39m
              [36m</div>[39m
            [36m</div>[39m
          [36m</div>[39m
        [36m</div>[39m
      [36m</div>[39m
      [36m<div[39m
        
[33mclass[39m=[32m"offcanvas-backdrop fade 
show"[39m
      [36m/>[39m
    [36m</div>[39m
  [36m</body>[39m
[36m</html>[39m
[90m [2mÔØ»[22m Proxy.waitForWrapper node_mo
dules/@testing-library/react/node_modules/@test
ing-library/dom/dist/wait-for.js:[2m163:27[22
m[39m
[36m [2mÔØ»[22m src/__tests__/relationshipIn
tegration.test.tsx:[2m56:11[22m[39m
    [90m 54| [39m
    [90m 55| [39m    [90m// 4. Verify 
success message and callback[39m
    [90m 56| [39m    [35mawait[39m 
[34mwaitFor[39m(() [33m=>[39m {
    [90m   | [39m          [31m^[39m
    [90m 57| [39m      [34mexpect[39m(scree
n[33m.[39m[34mgetByText[39m([36m/Parent 
added successfully/i[39m))[33m.[39m[34mtoBe
InThe[39mÔÇª
    [90m 58| [39m    })[33m;[39m

[31m[2mÔÄ»ÔÄ»ÔÄ»ÔÄ»ÔÄ»ÔÄ»ÔÄ»ÔÄ»ÔÄ»ÔÄ»ÔÄ»ÔÄ»ÔÄ
»ÔÄ»ÔÄ»ÔÄ»ÔÄ»ÔÄ»ÔÄ»ÔÄ»ÔÄ»ÔÄ»ÔÄ»ÔÄ»[1/4]ÔÄ»[22m
[39m

[31m[1m[7m FAIL [27m[22m[39m src/__tests_
_/relationshipIntegration.test.tsx[2m > 
[22mRelationshipManager Integration[2m > 
[22madds a child relationship successfully
[31m[1mTestingLibraryElementError[22m[39m: 
Unable to find an element with the text: 
/Child added successfully/i. This could be 
because the text is broken up by multiple 
elements. In this case, you can provide a 
function for your text matcher to make your 
matcher more flexible.

Ignored nodes: comments, script, style
[36m<body>[39m
  [36m<div>[39m
    [36m<div[39m
      [33maria-labelledby[39m=[32m"relations
hipManagerOffcanvasLabel"[39m
      [33mclass[39m=[32m"offcanvas 
offcanvas-end show"[39m
      [33mid[39m=[32m"relationshipManagerOff
canvas"[39m
      [33mstyle[39m=[32m"visibility: 
visible; max-width: 720px; width: 100%;"[39m
      [33mtabindex[39m=[32m"-1"[39m
    [36m>[39m
      [36m<div[39m
        [33mclass[39m=[32m"offcanvas-header 
border-bottom"[39m
      [36m>[39m
        [36m<h5[39m
          
[33mclass[39m=[32m"offcanvas-title"[39m
          [33mid[39m=[32m"relationshipManage
rOffcanvasLabel"[39m
        [36m>[39m
          [0mAdd Relative for [0m
          [0mP1[0m
        [36m</h5>[39m
        [36m<button[39m
          
[33maria-label[39m=[32m"Close"[39m
          [33mclass[39m=[32m"btn-close 
text-reset"[39m
          [33mtype[39m=[32m"button"[39m
        [36m/>[39m
      [36m</div>[39m
      [36m<div[39m
        [33mclass[39m=[32m"offcanvas-body 
d-flex flex-column"[39m
      [36m>[39m
        [36m<div[39m
          [33mclass[39m=[32m"mb-3"[39m
        [36m>[39m
          [36m<label[39m
            
[33mclass[39m=[32m"form-label"[39m
          [36m>[39m
            [0mRelationship Type[0m
          [36m</label>[39m
          [36m<div>[39m
            [36m<div[39m
              [33mclass[39m=[32m"d-flex 
flex-wrap gap-2 mb-2"[39m
            [36m>[39m
              [36m<button[39m
                [33mclass[39m=[32m"btn 
btn-sm btn-outline-secondary"[39m
                
[33mtitle[39m=[32m"Biological parent of 
current person."[39m
                
[33mtype[39m=[32m"button"[39m
              [36m>[39m
                [0mParent[0m
              [36m</button>[39m
              [36m<button[39m
                [33mclass[39m=[32m"btn 
btn-sm btn-primary"[39m
                
[33mtitle[39m=[32m"Biological child of 
current person."[39m
                
[33mtype[39m=[32m"button"[39m
              [36m>[39m
                [0mChild[0m
              [36m</button>[39m
              [36m<button[39m
                [33mclass[39m=[32m"btn 
btn-sm btn-outline-secondary"[39m
                [33mtitle[39m=[32m"Marriage 
relationship."[39m
                
[33mtype[39m=[32m"button"[39m
              [36m>[39m
                [0mSpouse[0m
              [36m</button>[39m
              [36m<button[39m
                [33mclass[39m=[32m"btn 
btn-sm btn-outline-secondary"[39m
                [33mdisabled[39m=[32m""[39m
                
[33mstyle[39m=[32m"border-style: 
dotted;"[39m
                [33mtitle[39m=[32m"Adoptive 
relationships are not yet supported."[39m
                
[33mtype[39m=[32m"button"[39m
              [36m>[39m
                [0mAdoptive Parent[0m
              [36m</button>[39m
              [36m<button[39m
                [33mclass[39m=[32m"btn 
btn-sm btn-outline-secondary"[39m
                [33mdisabled[39m=[32m""[39m
                
[33mstyle[39m=[32m"border-style: 
dashed;"[39m
                
[33mtitle[39m=[32m"Step-parent 
relationships are not yet supported."[39m
                
[33mtype[39m=[32m"button"[39m
              [36m>[39m
                [0mStep-Parent[0m
              [36m</button>[39m
              [36m<button[39m
                [33mclass[39m=[32m"btn 
btn-sm btn-outline-secondary"[39m
                [33mdisabled[39m=[32m""[39m
                
[33mstyle[39m=[32m"border-style: 
dashed;"[39m
                
[33mtitle[39m=[32m"Step-child relationships 
are not yet supported."[39m
                
[33mtype[39m=[32m"button"[39m
              [36m>[39m
                [0mStep-Child[0m
              [36m</button>[39m
            [36m</div>[39m
            [36m<div[39m
              [33mclass[39m=[32m"text-muted 
small"[39m
            [36m>[39m
              [36m<p[39m
                
[33mclass[39m=[32m"mb-1"[39m
              [36m>[39m
                [36m<strong>[39m
                  [0mParent[0m
                [36m</strong>[39m
                [0m: A biological parent. Max 
two parents enforced.[0m
              [36m</p>[39m
              [36m<p[39m
                
[33mclass[39m=[32m"mb-1"[39m
              [36m>[39m
                [36m<strong>[39m
                  [0mChild[0m
                [36m</strong>[39m
                [0m: A biological child of 
the current person.[0m
              [36m</p>[39m
              [36m<p[39m
                
[33mclass[39m=[32m"mb-1"[39m
              [36m>[39m
                [36m<strong>[39m
                  [0mSpouse[0m
                [36m</strong>[39m
                [0m: Marriage relationship. 
Cannot be both a parent or child.[0m
              [36m</p>[39m
              [36m<p[39m
                
[33mclass[39m=[32m"mb-1"[39m
              [36m>[39m
                [36m<strong>[39m
                  [0mAdoptive/Step[0m
                [36m</strong>[39m
                [0m: Displayed for clarity, 
creation not yet supported.[0m
              [36m</p>[39m
            [36m</div>[39m
          [36m</div>[39m
        [36m</div>[39m
        [36m<div[39m
          [33mclass[39m=[32m"row g-3"[39m
        [36m>[39m
          [36m<div[39m
            [33mclass[39m=[32m"col-6"[39m
          [36m>[39m
            [36m<div[39m
              [33mclass[39m=[32m"card 
h-100"[39m
            [36m>[39m
              [36m<div[39m
                
[33mclass[39m=[32m"card-header"[39m
              [36m>[39m
                [0mSelect Existing Person[0m
              [36m</div>[39m
              [36m<div[39m
                
[33mclass[39m=[32m"card-body"[39m
              [36m>[39m
                [36m<div>[39m
                  [36m<button>[39m
                    [0mSelect P2[0m
                  [36m</button>[39m
                [36m</div>[39m
                [36m<div[39m
                  [33mclass[39m=[32m"mt-2 
d-flex justify-content-end"[39m
                [36m>[39m
                  [36m<button[39m
                    [33mclass[39m=[32m"btn 
btn-primary"[39m
                    
[33mdisabled[39m=[32m""[39m
                  [36m>[39m
                    [0mLinkingÔÇª[0m
                  [36m</button>[39m
                [36m</div>[39m
              [36m</div>[39m
            [36m</div>[39m
          [36m</div>[39m
          [36m<div[39m
            [33mclass[39m=[32m"col-6"[39m
          [36m>[39m
            [36m<div[39m
              [33mclass[39m=[32m"card 
h-100"[39m
            [36m>[39m
              [36m<div[39m
                
[33mclass[39m=[32m"card-header"[39m
              [36m>[39m
                [0mCreate New Person[0m
              [36m</div>[39m
              [36m<div[39m
                
[33mclass[39m=[32m"card-body"[39m
              [36m>[39m
                [36m<form[39m
                  [33mclass[39m=[32m"d-flex 
flex-column gap-2"[39m
                [36m>[39m
                  [36m<input[39m
                    
[33mclass[39m=[32m"form-control"[39m
                    
[33mplaceholder[39m=[32m"Person ID"[39m
                    
[33mrequired[39m=[32m""[39m
                    
[33mvalue[39m=[32m""[39m
                  [36m/>[39m
                  [36m<input[39m
                    
[33mclass[39m=[32m"form-control"[39m
                    
[33mplaceholder[39m=[32m"Full Name"[39m
                    
[33mrequired[39m=[32m""[39m
                    
[33mvalue[39m=[32m""[39m
                  [36m/>[39m
                  [36m<select[39m
                    
[33mclass[39m=[32m"form-select"[39m
                  [36m>[39m
                    [36m<option[39m
                      
[33mvalue[39m=[32m"MALE"[39m
                    [36m>[39m
                      [0mMale[0m
                    [36m</option>[39m
                    [36m<option[39m
                      
[33mvalue[39m=[32m"FEMALE"[39m
                    [36m>[39m
                      [0mFemale[0m
                    [36m</option>[39m
                    [36m<option[39m
                      
[33mvalue[39m=[32m"UNKNOWN"[39m
                    [36m>[39m
                      [0mUnknown[0m
                    [36m</option>[39m
                  [36m</select>[39m
                  [36m<input[39m
                    
[33mclass[39m=[32m"form-control"[39m
                    
[33mplaceholder[39m=[32m"Birth Date"[39m
                    
[33mtype[39m=[32m"date"[39m
                    
[33mvalue[39m=[32m""[39m
                  [36m/>[39m
                  [36m<input[39m
                    
[33mclass[39m=[32m"form-control"[39m
                    
[33mplaceholder[39m=[32m"Death Date"[39m
                    
[33mtype[39m=[32m"date"[39m
                    
[33mvalue[39m=[32m""[39m
                  [36m/>[39m
                  [36m<button[39m
                    [33mclass[39m=[32m"btn 
btn-success"[39m
                    
[33mtype[39m=[32m"submit"[39m
                  [36m>[39m
                    [0mCreate and Link[0m
                  [36m</button>[39m
                [36m</form>[39m
              [36m</div>[39m
            [36m</div>[39m
          [36m</div>[39m
        [36m</div>[39m
      [36m</div>[39m
    [36m</div>[39m
    [36m<div[39m
      [33mclass[39m=[32m"offcanvas-backdrop 
fade show"[39m
    [36m/>[39m
  [36m</div>[39m
[36m</body>[39m

Ignored nodes: comments, script, style
[36m<html>[39m
  [36m<head />[39m
  [36m<body>[39m
    [36m<div>[39m
      [36m<div[39m
        [33maria-labelledby[39m=[32m"relatio
nshipManagerOffcanvasLabel"[39m
        [33mclass[39m=[32m"offcanvas 
offcanvas-end show"[39m
        [33mid[39m=[32m"relationshipManagerO
ffcanvas"[39m
        [33mstyle[39m=[32m"visibility: 
visible; max-width: 720px; width: 100%;"[39m
        [33mtabindex[39m=[32m"-1"[39m
      [36m>[39m
        [36m<div[39m
          
[33mclass[39m=[32m"offcanvas-header 
border-bottom"[39m
        [36m>[39m
          [36m<h5[39m
            
[33mclass[39m=[32m"offcanvas-title"[39m
            [33mid[39m=[32m"relationshipMana
gerOffcanvasLabel"[39m
          [36m>[39m
            [0mAdd Relative for [0m
            [0mP1[0m
          [36m</h5>[39m
          [36m<button[39m
            
[33maria-label[39m=[32m"Close"[39m
            [33mclass[39m=[32m"btn-close 
text-reset"[39m
            [33mtype[39m=[32m"button"[39m
          [36m/>[39m
        [36m</div>[39m
        [36m<div[39m
          [33mclass[39m=[32m"offcanvas-body 
d-flex flex-column"[39m
        [36m>[39m
          [36m<div[39m
            [33mclass[39m=[32m"mb-3"[39m
          [36m>[39m
            [36m<label[39m
              
[33mclass[39m=[32m"form-label"[39m
            [36m>[39m
              [0mRelationship Type[0m
            [36m</label>[39m
            [36m<div>[39m
              [36m<div[39m
                [33mclass[39m=[32m"d-flex 
flex-wrap gap-2 mb-2"[39m
              [36m>[39m
                [36m<button[39m
                  [33mclass[39m=[32m"btn 
btn-sm btn-outline-secondary"[39m
                  
[33mtitle[39m=[32m"Biological parent of 
current person."[39m
                  
[33mtype[39m=[32m"button"[39m
                [36m>[39m
                  [0mParent[0m
                [36m</button>[39m
                [36m<button[39m
                  [33mclass[39m=[32m"btn 
btn-sm btn-primary"[39m
                  
[33mtitle[39m=[32m"Biological child of 
current person."[39m
                  
[33mtype[39m=[32m"button"[39m
                [36m>[39m
                  [0mChild[0m
                [36m</button>[39m
                [36m<button[39m
                  [33mclass[39m=[32m"btn 
btn-sm btn-outline-secondary"[39m
                  
[33mtitle[39m=[32m"Marriage 
relationship."[39m
                  
[33mtype[39m=[32m"button"[39m
                [36m>[39m
                  [0mSpouse[0m
                [36m</button>[39m
                [36m<button[39m
                  [33mclass[39m=[32m"btn 
btn-sm btn-outline-secondary"[39m
                  
[33mdisabled[39m=[32m""[39m
                  
[33mstyle[39m=[32m"border-style: 
dotted;"[39m
                  
[33mtitle[39m=[32m"Adoptive relationships 
are not yet supported."[39m
                  
[33mtype[39m=[32m"button"[39m
                [36m>[39m
                  [0mAdoptive Parent[0m
                [36m</button>[39m
                [36m<button[39m
                  [33mclass[39m=[32m"btn 
btn-sm btn-outline-secondary"[39m
                  
[33mdisabled[39m=[32m""[39m
                  
[33mstyle[39m=[32m"border-style: 
dashed;"[39m
                  
[33mtitle[39m=[32m"Step-parent 
relationships are not yet supported."[39m
                  
[33mtype[39m=[32m"button"[39m
                [36m>[39m
                  [0mStep-Parent[0m
                [36m</button>[39m
                [36m<button[39m
                  [33mclass[39m=[32m"btn 
btn-sm btn-outline-secondary"[39m
                  
[33mdisabled[39m=[32m""[39m
                  
[33mstyle[39m=[32m"border-style: 
dashed;"[39m
                  
[33mtitle[39m=[32m"Step-child relationships 
are not yet supported."[39m
                  
[33mtype[39m=[32m"button"[39m
                [36m>[39m
                  [0mStep-Child[0m
                [36m</button>[39m
              [36m</div>[39m
              [36m<div[39m
                
[33mclass[39m=[32m"text-muted small"[39m
              [36m>[39m
                [36m<p[39m
                  
[33mclass[39m=[32m"mb-1"[39m
                [36m>[39m
                  [36m<strong>[39m
                    [0mParent[0m
                  [36m</strong>[39m
                  [0m: A biological parent. 
Max two parents enforced.[0m
                [36m</p>[39m
                [36m<p[39m
                  
[33mclass[39m=[32m"mb-1"[39m
                [36m>[39m
                  [36m<strong>[39m
                    [0mChild[0m
                  [36m</strong>[39m
                  [0m: A biological child of 
the current person.[0m
                [36m</p>[39m
                [36m<p[39m
                  
[33mclass[39m=[32m"mb-1"[39m
                [36m>[39m
                  [36m<strong>[39m
                    [0mSpouse[0m
                  [36m</strong>[39m
                  [0m: Marriage relationship. 
Cannot be both a parent or child.[0m
                [36m</p>[39m
                [36m<p[39m
                  
[33mclass[39m=[32m"mb-1"[39m
                [36m>[39m
                  [36m<strong>[39m
                    [0mAdoptive/Step[0m
                  [36m</strong>[39m
                  [0m: Displayed for clarity, 
creation not yet supported.[0m
                [36m</p>[39m
              [36m</div>[39m
            [36m</div>[39m
          [36m</div>[39m
          [36m<div[39m
            [33mclass[39m=[32m"row g-3"[39m
          [36m>[39m
            [36m<div[39m
              [33mclass[39m=[32m"col-6"[39m
            [36m>[39m
              [36m<div[39m
                [33mclass[39m=[32m"card 
h-100"[39m
              [36m>[39m
                [36m<div[39m
                  
[33mclass[39m=[32m"card-header"[39m
                [36m>[39m
                  [0mSelect Existing 
Person[0m
                [36m</div>[39m
                [36m<div[39m
                  
[33mclass[39m=[32m"card-body"[39m
                [36m>[39m
                  [36m<div>[39m
                    [36m<button>[39m
                      [0mSelect P2[0m
                    [36m</button>[39m
                  [36m</div>[39m
                  [36m<div[39m
                    [33mclass[39m=[32m"mt-2 
d-flex justify-content-end"[39m
                  [36m>[39m
                    [36m<button[39m
                      
[33mclass[39m=[32m"btn btn-primary"[39m
                      
[33mdisabled[39m=[32m""[39m
                    [36m>[39m
                      [0mLinkingÔÇª[0m
                    [36m</button>[39m
                  [36m</div>[39m
                [36m</div>[39m
              [36m</div>[39m
            [36m</div>[39m
            [36m<div[39m
              [33mclass[39m=[32m"col-6"[39m
            [36m>[39m
              [36m<div[39m
                [33mclass[39m=[32m"card 
h-100"[39m
              [36m>[39m
                [36m<div[39m
                  
[33mclass[39m=[32m"card-header"[39m
                [36m>[39m
                  [0mCreate New Person[0m
                [36m</div>[39m
                [36m<div[39m
                  
[33mclass[39m=[32m"card-body"[39m
                [36m>[39m
                  [36m<form[39m
                    
[33mclass[39m=[32m"d-flex flex-column 
gap-2"[39m
                  [36m>[39m
                    [36m<input[39m
                      
[33mclass[39m=[32m"form-control"[39m
                      
[33mplaceholder[39m=[32m"Person ID"[39m
                      
[33mrequired[39m=[32m""[39m
                      
[33mvalue[39m=[32m""[39m
                    [36m/>[39m
                    [36m<input[39m
                      
[33mclass[39m=[32m"form-control"[39m
                      
[33mplaceholder[39m=[32m"Full Name"[39m
                      
[33mrequired[39m=[32m""[39m
                      
[33mvalue[39m=[32m""[39m
                    [36m/>[39m
                    [36m<select[39m
                      
[33mclass[39m=[32m"form-select"[39m
                    [36m>[39m
                      [36m<option[39m
                        
[33mvalue[39m=[32m"MALE"[39m
                      [36m>[39m
                        [0mMale[0m
                      [36m</option>[39m
                      [36m<option[39m
                        
[33mvalue[39m=[32m"FEMALE"[39m
                      [36m>[39m
                        [0mFemale[0m
                      [36m</option>[39m
                      [36m<option[39m
                        
[33mvalue[39m=[32m"UNKNOWN"[39m
                      [36m>[39m
                        [0mUnknown[0m
                      [36m</option>[39m
                    [36m</select>[39m
                    [36m<input[39m
                      
[33mclass[39m=[32m"form-control"[39m
                      
[33mplaceholder[39m=[32m"Birth Date"[39m
                      
[33mtype[39m=[32m"date"[39m
                      
[33mvalue[39m=[32m""[39m
                    [36m/>[39m
                    [36m<input[39m
                      
[33mclass[39m=[32m"form-control"[39m
                      
[33mplaceholder[39m=[32m"Death Date"[39m
                      
[33mtype[39m=[32m"date"[39m
                      
[33mvalue[39m=[32m""[39m
                    [36m/>[39m
                    [36m<button[39m
                      
[33mclass[39m=[32m"btn btn-success"[39m
                      
[33mtype[39m=[32m"submit"[39m
                    [36m>[39m
                      [0mCreate and Link[0m
                    [36m</button>[39m
                  [36m</form>[39m
                [36m</div>[39m
              [36m</div>[39m
            [36m</div>[39m
          [36m</div>[39m
        [36m</div>[39m
      [36m</div>[39m
      [36m<div[39m
        
[33mclass[39m=[32m"offcanvas-backdrop fade 
show"[39m
      [36m/>[39m
    [36m</div>[39m
  [36m</body>[39m
[36m</html>[39m
[90m [2mÔØ»[22m Proxy.waitForWrapper node_mo
dules/@testing-library/react/node_modules/@test
ing-library/dom/dist/wait-for.js:[2m163:27[22
m[39m
[36m [2mÔØ»[22m src/__tests__/relationshipIn
tegration.test.tsx:[2m77:11[22m[39m
    [90m 75| [39m
    [90m 76| [39m    [90m// 4. Verify 
success message[39m
    [90m 77| [39m    [35mawait[39m 
[34mwaitFor[39m(() [33m=>[39m {
    [90m   | [39m          [31m^[39m
    [90m 78| [39m      [34mexpect[39m(scree
n[33m.[39m[34mgetByText[39m([36m/Child 
added successfully/i[39m))[33m.[39m[34mtoBe
InTheD[39mÔÇª
    [90m 79| [39m    })[33m;[39m

[31m[2mÔÄ»ÔÄ»ÔÄ»ÔÄ»ÔÄ»ÔÄ»ÔÄ»ÔÄ»ÔÄ»ÔÄ»ÔÄ»ÔÄ»ÔÄ
»ÔÄ»ÔÄ»ÔÄ»ÔÄ»ÔÄ»ÔÄ»ÔÄ»ÔÄ»ÔÄ»ÔÄ»ÔÄ»[2/4]ÔÄ»[22m
[39m

[31m[1m[7m FAIL [27m[22m[39m src/__tests_
_/relationshipIntegration.test.tsx[2m > 
[22mRelationshipManager Integration[2m > 
[22mcreates new person and links as spouse
[31m[1mTestingLibraryElementError[22m[39m: 
Unable to find an element with the text: 
/Spouse relationship created successfully/i. 
This could be because the text is broken up by 
multiple elements. In this case, you can 
provide a function for your text matcher to 
make your matcher more flexible.

Ignored nodes: comments, script, style
[36m<body>[39m
  [36m<div>[39m
    [36m<div[39m
      [33maria-labelledby[39m=[32m"relations
hipManagerOffcanvasLabel"[39m
      [33mclass[39m=[32m"offcanvas 
offcanvas-end show"[39m
      [33mid[39m=[32m"relationshipManagerOff
canvas"[39m
      [33mstyle[39m=[32m"visibility: 
visible; max-width: 720px; width: 100%;"[39m
      [33mtabindex[39m=[32m"-1"[39m
    [36m>[39m
      [36m<div[39m
        [33mclass[39m=[32m"offcanvas-header 
border-bottom"[39m
      [36m>[39m
        [36m<h5[39m
          
[33mclass[39m=[32m"offcanvas-title"[39m
          [33mid[39m=[32m"relationshipManage
rOffcanvasLabel"[39m
        [36m>[39m
          [0mAdd Relative for [0m
          [0mP1[0m
        [36m</h5>[39m
        [36m<button[39m
          
[33maria-label[39m=[32m"Close"[39m
          [33mclass[39m=[32m"btn-close 
text-reset"[39m
          [33mtype[39m=[32m"button"[39m
        [36m/>[39m
      [36m</div>[39m
      [36m<div[39m
        [33mclass[39m=[32m"offcanvas-body 
d-flex flex-column"[39m
      [36m>[39m
        [36m<div[39m
          [33mclass[39m=[32m"mb-3"[39m
        [36m>[39m
          [36m<label[39m
            
[33mclass[39m=[32m"form-label"[39m
          [36m>[39m
            [0mRelationship Type[0m
          [36m</label>[39m
          [36m<div>[39m
            [36m<div[39m
              [33mclass[39m=[32m"d-flex 
flex-wrap gap-2 mb-2"[39m
            [36m>[39m
              [36m<button[39m
                [33mclass[39m=[32m"btn 
btn-sm btn-outline-secondary"[39m
                
[33mtitle[39m=[32m"Biological parent of 
current person."[39m
                
[33mtype[39m=[32m"button"[39m
              [36m>[39m
                [0mParent[0m
              [36m</button>[39m
              [36m<button[39m
                [33mclass[39m=[32m"btn 
btn-sm btn-outline-secondary"[39m
                
[33mtitle[39m=[32m"Biological child of 
current person."[39m
                
[33mtype[39m=[32m"button"[39m
              [36m>[39m
                [0mChild[0m
              [36m</button>[39m
              [36m<button[39m
                [33mclass[39m=[32m"btn 
btn-sm btn-primary"[39m
                [33mtitle[39m=[32m"Marriage 
relationship."[39m
                
[33mtype[39m=[32m"button"[39m
              [36m>[39m
                [0mSpouse[0m
              [36m</button>[39m
              [36m<button[39m
                [33mclass[39m=[32m"btn 
btn-sm btn-outline-secondary"[39m
                [33mdisabled[39m=[32m""[39m
                
[33mstyle[39m=[32m"border-style: 
dotted;"[39m
                [33mtitle[39m=[32m"Adoptive 
relationships are not yet supported."[39m
                
[33mtype[39m=[32m"button"[39m
              [36m>[39m
                [0mAdoptive Parent[0m
              [36m</button>[39m
              [36m<button[39m
                [33mclass[39m=[32m"btn 
btn-sm btn-outline-secondary"[39m
                [33mdisabled[39m=[32m""[39m
                
[33mstyle[39m=[32m"border-style: 
dashed;"[39m
                
[33mtitle[39m=[32m"Step-parent 
relationships are not yet supported."[39m
                
[33mtype[39m=[32m"button"[39m
              [36m>[39m
                [0mStep-Parent[0m
              [36m</button>[39m
              [36m<button[39m
                [33mclass[39m=[32m"btn 
btn-sm btn-outline-secondary"[39m
                [33mdisabled[39m=[32m""[39m
                
[33mstyle[39m=[32m"border-style: 
dashed;"[39m
                
[33mtitle[39m=[32m"Step-child relationships 
are not yet supported."[39m
                
[33mtype[39m=[32m"button"[39m
              [36m>[39m
                [0mStep-Child[0m
              [36m</button>[39m
            [36m</div>[39m
            [36m<div[39m
              [33mclass[39m=[32m"text-muted 
small"[39m
            [36m>[39m
              [36m<p[39m
                
[33mclass[39m=[32m"mb-1"[39m
              [36m>[39m
                [36m<strong>[39m
                  [0mParent[0m
                [36m</strong>[39m
                [0m: A biological parent. Max 
two parents enforced.[0m
              [36m</p>[39m
              [36m<p[39m
                
[33mclass[39m=[32m"mb-1"[39m
              [36m>[39m
                [36m<strong>[39m
                  [0mChild[0m
                [36m</strong>[39m
                [0m: A biological child of 
the current person.[0m
              [36m</p>[39m
              [36m<p[39m
                
[33mclass[39m=[32m"mb-1"[39m
              [36m>[39m
                [36m<strong>[39m
                  [0mSpouse[0m
                [36m</strong>[39m
                [0m: Marriage relationship. 
Cannot be both a parent or child.[0m
              [36m</p>[39m
              [36m<p[39m
                
[33mclass[39m=[32m"mb-1"[39m
              [36m>[39m
                [36m<strong>[39m
                  [0mAdoptive/Step[0m
                [36m</strong>[39m
                [0m: Displayed for clarity, 
creation not yet supported.[0m
              [36m</p>[39m
            [36m</div>[39m
          [36m</div>[39m
        [36m</div>[39m
        [36m<div[39m
          [33mclass[39m=[32m"row g-3"[39m
        [36m>[39m
          [36m<div[39m
            [33mclass[39m=[32m"col-6"[39m
          [36m>[39m
            [36m<div[39m
              [33mclass[39m=[32m"card 
h-100"[39m
            [36m>[39m
              [36m<div[39m
                
[33mclass[39m=[32m"card-header"[39m
              [36m>[39m
                [0mSelect Existing Person[0m
              [36m</div>[39m
              [36m<div[39m
                
[33mclass[39m=[32m"card-body"[39m
              [36m>[39m
                [36m<div>[39m
                  [36m<button>[39m
                    [0mSelect P2[0m
                  [36m</button>[39m
                [36m</div>[39m
                [36m<div[39m
                  [33mclass[39m=[32m"mt-2 
d-flex justify-content-end"[39m
                [36m>[39m
                  [36m<button[39m
                    [33mclass[39m=[32m"btn 
btn-primary"[39m
                    
[33mdisabled[39m=[32m""[39m
                  [36m>[39m
                    [0mLink Selected[0m
                  [36m</button>[39m
                [36m</div>[39m
              [36m</div>[39m
            [36m</div>[39m
          [36m</div>[39m
          [36m<div[39m
            [33mclass[39m=[32m"col-6"[39m
          [36m>[39m
            [36m<div[39m
              [33mclass[39m=[32m"card 
h-100"[39m
            [36m>[39m
              [36m<div[39m
                
[33mclass[39m=[32m"card-header"[39m
              [36m>[39m
                [0mCreate New Person[0m
              [36m</div>[39m
              [36m<div[39m
                
[33mclass[39m=[32m"card-body"[39m
              [36m>[39m
                [36m<form[39m
                  [33mclass[39m=[32m"d-flex 
flex-column gap-2"[39m
                [36m>[39m
                  [36m<input[39m
                    
[33mclass[39m=[32m"form-control"[39m
                    
[33mplaceholder[39m=[32m"Person ID"[39m
                    
[33mrequired[39m=[32m""[39m
                    
[33mvalue[39m=[32m"new-spouse"[39m
                  [36m/>[39m
                  [36m<input[39m
                    
[33mclass[39m=[32m"form-control"[39m
                    
[33mplaceholder[39m=[32m"Full Name"[39m
                    
[33mrequired[39m=[32m""[39m
                    [33mvalue[39m=[32m"New 
Spouse"[39m
                  [36m/>[39m
                  [36m<select[39m
                    
[33mclass[39m=[32m"form-select"[39m
                  [36m>[39m
                    [36m<option[39m
                      
[33mvalue[39m=[32m"MALE"[39m
                    [36m>[39m
                      [0mMale[0m
                    [36m</option>[39m
                    [36m<option[39m
                      
[33mvalue[39m=[32m"FEMALE"[39m
                    [36m>[39m
                      [0mFemale[0m
                    [36m</option>[39m
                    [36m<option[39m
                      
[33mvalue[39m=[32m"UNKNOWN"[39m
                    [36m>[39m
                      [0mUnknown[0m
                    [36m</option>[39m
                  [36m</select>[39m
                  [36m<input[39m
                    
[33mclass[39m=[32m"form-control"[39m
                    
[33mplaceholder[39m=[32m"Birth Date"[39m
                    
[33mtype[39m=[32m"date"[39m
                    
[33mvalue[39m=[32m""[39m
                  [36m/>[39m
                  [36m<input[39m
                    
[33mclass[39m=[32m"form-control"[39m
                    
[33mplaceholder[39m=[32m"Death Date"[39m
                    
[33mtype[39m=[32m"date"[39m
                    
[33mvalue[39m=[32m""[39m
                  [36m/>[39m
                  [36m<button[39m
                    [33mclass[39m=[32m"btn 
btn-success"[39m
                    
[33mdisabled[39m=[32m""[39m
                    
[33mtype[39m=[32m"submit"[39m
                  [36m>[39m
                    [0mCreatingÔÇª[0m
                  [36m</button>[39m
                [36m</form>[39m
              [36m</div>[39m
            [36m</div>[39m
          [36m</div>[39m
        [36m</div>[39m
      [36m</div>[39m
    [36m</div>[39m
    [36m<div[39m
      [33mclass[39m=[32m"offcanvas-backdrop 
fade show"[39m
    [36m/>[39m
  [36m</div>[39m
[36m</body>[39m

Ignored nodes: comments, script, style
[36m<html>[39m
  [36m<head />[39m
  [36m<body>[39m
    [36m<div>[39m
      [36m<div[39m
        [33maria-labelledby[39m=[32m"relatio
nshipManagerOffcanvasLabel"[39m
        [33mclass[39m=[32m"offcanvas 
offcanvas-end show"[39m
        [33mid[39m=[32m"relationshipManagerO
ffcanvas"[39m
        [33mstyle[39m=[32m"visibility: 
visible; max-width: 720px; width: 100%;"[39m
        [33mtabindex[39m=[32m"-1"[39m
      [36m>[39m
        [36m<div[39m
          
[33mclass[39m=[32m"offcanvas-header 
border-bottom"[39m
        [36m>[39m
          [36m<h5[39m
            
[33mclass[39m=[32m"offcanvas-title"[39m
            [33mid[39m=[32m"relationshipMana
gerOffcanvasLabel"[39m
          [36m>[39m
            [0mAdd Relative for [0m
            [0mP1[0m
          [36m</h5>[39m
          [36m<button[39m
            
[33maria-label[39m=[32m"Close"[39m
            [33mclass[39m=[32m"btn-close 
text-reset"[39m
            [33mtype[39m=[32m"button"[39m
          [36m/>[39m
        [36m</div>[39m
        [36m<div[39m
          [33mclass[39m=[32m"offcanvas-body 
d-flex flex-column"[39m
        [36m>[39m
          [36m<div[39m
            [33mclass[39m=[32m"mb-3"[39m
          [36m>[39m
            [36m<label[39m
              
[33mclass[39m=[32m"form-label"[39m
            [36m>[39m
              [0mRelationship Type[0m
            [36m</label>[39m
            [36m<div>[39m
              [36m<div[39m
                [33mclass[39m=[32m"d-flex 
flex-wrap gap-2 mb-2"[39m
              [36m>[39m
                [36m<button[39m
                  [33mclass[39m=[32m"btn 
btn-sm btn-outline-secondary"[39m
                  
[33mtitle[39m=[32m"Biological parent of 
current person."[39m
                  
[33mtype[39m=[32m"button"[39m
                [36m>[39m
                  [0mParent[0m
                [36m</button>[39m
                [36m<button[39m
                  [33mclass[39m=[32m"btn 
btn-sm btn-outline-secondary"[39m
                  
[33mtitle[39m=[32m"Biological child of 
current person."[39m
                  
[33mtype[39m=[32m"button"[39m
                [36m>[39m
                  [0mChild[0m
                [36m</button>[39m
                [36m<button[39m
                  [33mclass[39m=[32m"btn 
btn-sm btn-primary"[39m
                  
[33mtitle[39m=[32m"Marriage 
relationship."[39m
                  
[33mtype[39m=[32m"button"[39m
                [36m>[39m
                  [0mSpouse[0m
                [36m</button>[39m
                [36m<button[39m
                  [33mclass[39m=[32m"btn 
btn-sm btn-outline-secondary"[39m
                  
[33mdisabled[39m=[32m""[39m
                  
[33mstyle[39m=[32m"border-style: 
dotted;"[39m
                  
[33mtitle[39m=[32m"Adoptive relationships 
are not yet supported."[39m
                  
[33mtype[39m=[32m"button"[39m
                [36m>[39m
                  [0mAdoptive Parent[0m
                [36m</button>[39m
                [36m<button[39m
                  [33mclass[39m=[32m"btn 
btn-sm btn-outline-secondary"[39m
                  
[33mdisabled[39m=[32m""[39m
                  
[33mstyle[39m=[32m"border-style: 
dashed;"[39m
                  
[33mtitle[39m=[32m"Step-parent 
relationships are not yet supported."[39m
                  
[33mtype[39m=[32m"button"[39m
                [36m>[39m
                  [0mStep-Parent[0m
                [36m</button>[39m
                [36m<button[39m
                  [33mclass[39m=[32m"btn 
btn-sm btn-outline-secondary"[39m
                  
[33mdisabled[39m=[32m""[39m
                  
[33mstyle[39m=[32m"border-style: 
dashed;"[39m
                  
[33mtitle[39m=[32m"Step-child relationships 
are not yet supported."[39m
                  
[33mtype[39m=[32m"button"[39m
                [36m>[39m
                  [0mStep-Child[0m
                [36m</button>[39m
              [36m</div>[39m
              [36m<div[39m
                
[33mclass[39m=[32m"text-muted small"[39m
              [36m>[39m
                [36m<p[39m
                  
[33mclass[39m=[32m"mb-1"[39m
                [36m>[39m
                  [36m<strong>[39m
                    [0mParent[0m
                  [36m</strong>[39m
                  [0m: A biological parent. 
Max two parents enforced.[0m
                [36m</p>[39m
                [36m<p[39m
                  
[33mclass[39m=[32m"mb-1"[39m
                [36m>[39m
                  [36m<strong>[39m
                    [0mChild[0m
                  [36m</strong>[39m
                  [0m: A biological child of 
the current person.[0m
                [36m</p>[39m
                [36m<p[39m
                  
[33mclass[39m=[32m"mb-1"[39m
                [36m>[39m
                  [36m<strong>[39m
                    [0mSpouse[0m
                  [36m</strong>[39m
                  [0m: Marriage relationship. 
Cannot be both a parent or child.[0m
                [36m</p>[39m
                [36m<p[39m
                  
[33mclass[39m=[32m"mb-1"[39m
                [36m>[39m
                  [36m<strong>[39m
                    [0mAdoptive/Step[0m
                  [36m</strong>[39m
                  [0m: Displayed for clarity, 
creation not yet supported.[0m
                [36m</p>[39m
              [36m</div>[39m
            [36m</div>[39m
          [36m</div>[39m
          [36m<div[39m
            [33mclass[39m=[32m"row g-3"[39m
          [36m>[39m
            [36m<div[39m
              [33mclass[39m=[32m"col-6"[39m
            [36m>[39m
              [36m<div[39m
                [33mclass[39m=[32m"card 
h-100"[39m
              [36m>[39m
                [36m<div[39m
                  
[33mclass[39m=[32m"card-header"[39m
                [36m>[39m
                  [0mSelect Existing 
Person[0m
                [36m</div>[39m
                [36m<div[39m
                  
[33mclass[39m=[32m"card-body"[39m
                [36m>[39m
                  [36m<div>[39m
                    [36m<button>[39m
                      [0mSelect P2[0m
                    [36m</button>[39m
                  [36m</div>[39m
                  [36m<div[39m
                    [33mclass[39m=[32m"mt-2 
d-flex justify-content-end"[39m
                  [36m>[39m
                    [36m<button[39m
                      
[33mclass[39m=[32m"btn btn-primary"[39m
                      
[33mdisabled[39m=[32m""[39m
                    [36m>[39m
                      [0mLink Selected[0m
                    [36m</button>[39m
                  [36m</div>[39m
                [36m</div>[39m
              [36m</div>[39m
            [36m</div>[39m
            [36m<div[39m
              [33mclass[39m=[32m"col-6"[39m
            [36m>[39m
              [36m<div[39m
                [33mclass[39m=[32m"card 
h-100"[39m
              [36m>[39m
                [36m<div[39m
                  
[33mclass[39m=[32m"card-header"[39m
                [36m>[39m
                  [0mCreate New Person[0m
                [36m</div>[39m
                [36m<div[39m
                  
[33mclass[39m=[32m"card-body"[39m
                [36m>[39m
                  [36m<form[39m
                    
[33mclass[39m=[32m"d-flex flex-column 
gap-2"[39m
                  [36m>[39m
                    [36m<input[39m
                      
[33mclass[39m=[32m"form-control"[39m
                      
[33mplaceholder[39m=[32m"Person ID"[39m
                      
[33mrequired[39m=[32m""[39m
                      
[33mvalue[39m=[32m"new-spouse"[39m
                    [36m/>[39m
                    [36m<input[39m
                      
[33mclass[39m=[32m"form-control"[39m
                      
[33mplaceholder[39m=[32m"Full Name"[39m
                      
[33mrequired[39m=[32m""[39m
                      
[33mvalue[39m=[32m"New Spouse"[39m
                    [36m/>[39m
                    [36m<select[39m
                      
[33mclass[39m=[32m"form-select"[39m
                    [36m>[39m
                      [36m<option[39m
                        
[33mvalue[39m=[32m"MALE"[39m
                      [36m>[39m
                        [0mMale[0m
                      [36m</option>[39m
                      [36m<option[39m
                        
[33mvalue[39m=[32m"FEMALE"[39m
                      [36m>[39m
                        [0mFemale[0m
                      [36m</option>[39m
                      [36m<option[39m
                        
[33mvalue[39m=[32m"UNKNOWN"[39m
                      [36m>[39m
                        [0mUnknown[0m
                      [36m</option>[39m
                    [36m</select>[39m
                    [36m<input[39m
                      
[33mclass[39m=[32m"form-control"[39m
                      
[33mplaceholder[39m=[32m"Birth Date"[39m
                      
[33mtype[39m=[32m"date"[39m
                      
[33mvalue[39m=[32m""[39m
                    [36m/>[39m
                    [36m<input[39m
                      
[33mclass[39m=[32m"form-control"[39m
                      
[33mplaceholder[39m=[32m"Death Date"[39m
                      
[33mtype[39m=[32m"date"[39m
                      
[33mvalue[39m=[32m""[39m
                    [36m/>[39m
                    [36m<button[39m
                      
[33mclass[39m=[32m"btn btn-success"[39m
                      
[33mdisabled[39m=[32m""[39m
                      
[33mtype[39m=[32m"submit"[39m
                    [36m>[39m
                      [0mCreatingÔÇª[0m
                    [36m</button>[39m
                  [36m</form>[39m
                [36m</div>[39m
              [36m</div>[39m
            [36m</div>[39m
          [36m</div>[39m
        [36m</div>[39m
      [36m</div>[39m
      [36m<div[39m
        
[33mclass[39m=[32m"offcanvas-backdrop fade 
show"[39m
      [36m/>[39m
    [36m</div>[39m
  [36m</body>[39m
[36m</html>[39m
[90m [2mÔØ»[22m Proxy.waitForWrapper node_mo
dules/@testing-library/react/node_modules/@test
ing-library/dom/dist/wait-for.js:[2m163:27[22
m[39m
[36m [2mÔØ»[22m src/__tests__/relationshipIn
tegration.test.tsx:[2m110:11[22m[39m
    [90m108| [39m
    [90m109| [39m    [90m// 4. Verify API 
calls and success[39m
    [90m110| [39m    [35mawait[39m 
[34mwaitFor[39m(() [33m=>[39m {
    [90m   | [39m          [31m^[39m
    [90m111| [39m      [34mexpect[39m(scree
n[33m.[39m[34mgetByText[39m([36m/Spouse 
relationship created successfull[39mÔÇª
    [90m112| [39m    })[33m;[39m

[31m[2mÔÄ»ÔÄ»ÔÄ»ÔÄ»ÔÄ»ÔÄ»ÔÄ»ÔÄ»ÔÄ»ÔÄ»ÔÄ»ÔÄ»ÔÄ
»ÔÄ»ÔÄ»ÔÄ»ÔÄ»ÔÄ»ÔÄ»ÔÄ»ÔÄ»ÔÄ»ÔÄ»ÔÄ»[3/4]ÔÄ»[22m
[39m

[31m[1m[7m FAIL [27m[22m[39m src/__tests_
_/relationshipIntegration.test.tsx[2m > 
[22mRelationshipManager Integration[2m > 
[22mhandles API error gracefully
[31m[1mTestingLibraryElementError[22m[39m: 
Unable to find an element with the text: 
/Server is having trouble/i. This could be 
because the text is broken up by multiple 
elements. In this case, you can provide a 
function for your text matcher to make your 
matcher more flexible.

Ignored nodes: comments, script, style
[36m<body>[39m
  [36m<div>[39m
    [36m<div[39m
      [33maria-labelledby[39m=[32m"relations
hipManagerOffcanvasLabel"[39m
      [33mclass[39m=[32m"offcanvas 
offcanvas-end show"[39m
      [33mid[39m=[32m"relationshipManagerOff
canvas"[39m
      [33mstyle[39m=[32m"visibility: 
visible; max-width: 720px; width: 100%;"[39m
      [33mtabindex[39m=[32m"-1"[39m
    [36m>[39m
      [36m<div[39m
        [33mclass[39m=[32m"offcanvas-header 
border-bottom"[39m
      [36m>[39m
        [36m<h5[39m
          
[33mclass[39m=[32m"offcanvas-title"[39m
          [33mid[39m=[32m"relationshipManage
rOffcanvasLabel"[39m
        [36m>[39m
          [0mAdd Relative for [0m
          [0mP1[0m
        [36m</h5>[39m
        [36m<button[39m
          
[33maria-label[39m=[32m"Close"[39m
          [33mclass[39m=[32m"btn-close 
text-reset"[39m
          [33mtype[39m=[32m"button"[39m
        [36m/>[39m
      [36m</div>[39m
      [36m<div[39m
        [33mclass[39m=[32m"offcanvas-body 
d-flex flex-column"[39m
      [36m>[39m
        [36m<div[39m
          [33mclass[39m=[32m"mb-3"[39m
        [36m>[39m
          [36m<label[39m
            
[33mclass[39m=[32m"form-label"[39m
          [36m>[39m
            [0mRelationship Type[0m
          [36m</label>[39m
          [36m<div>[39m
            [36m<div[39m
              [33mclass[39m=[32m"d-flex 
flex-wrap gap-2 mb-2"[39m
            [36m>[39m
              [36m<button[39m
                [33mclass[39m=[32m"btn 
btn-sm btn-primary"[39m
                
[33mtitle[39m=[32m"Biological parent of 
current person."[39m
                
[33mtype[39m=[32m"button"[39m
              [36m>[39m
                [0mParent[0m
              [36m</button>[39m
              [36m<button[39m
                [33mclass[39m=[32m"btn 
btn-sm btn-outline-secondary"[39m
                
[33mtitle[39m=[32m"Biological child of 
current person."[39m
                
[33mtype[39m=[32m"button"[39m
              [36m>[39m
                [0mChild[0m
              [36m</button>[39m
              [36m<button[39m
                [33mclass[39m=[32m"btn 
btn-sm btn-outline-secondary"[39m
                [33mtitle[39m=[32m"Marriage 
relationship."[39m
                
[33mtype[39m=[32m"button"[39m
              [36m>[39m
                [0mSpouse[0m
              [36m</button>[39m
              [36m<button[39m
                [33mclass[39m=[32m"btn 
btn-sm btn-outline-secondary"[39m
                [33mdisabled[39m=[32m""[39m
                
[33mstyle[39m=[32m"border-style: 
dotted;"[39m
                [33mtitle[39m=[32m"Adoptive 
relationships are not yet supported."[39m
                
[33mtype[39m=[32m"button"[39m
              [36m>[39m
                [0mAdoptive Parent[0m
              [36m</button>[39m
              [36m<button[39m
                [33mclass[39m=[32m"btn 
btn-sm btn-outline-secondary"[39m
                [33mdisabled[39m=[32m""[39m
                
[33mstyle[39m=[32m"border-style: 
dashed;"[39m
                
[33mtitle[39m=[32m"Step-parent 
relationships are not yet supported."[39m
                
[33mtype[39m=[32m"button"[39m
              [36m>[39m
                [0mStep-Parent[0m
              [36m</button>[39m
              [36m<button[39m
                [33mclass[39m=[32m"btn 
btn-sm btn-outline-secondary"[39m
                [33mdisabled[39m=[32m""[39m
                
[33mstyle[39m=[32m"border-style: 
dashed;"[39m
                
[33mtitle[39m=[32m"Step-child relationships 
are not yet supported."[39m
                
[33mtype[39m=[32m"button"[39m
              [36m>[39m
                [0mStep-Child[0m
              [36m</button>[39m
            [36m</div>[39m
            [36m<div[39m
              [33mclass[39m=[32m"text-muted 
small"[39m
            [36m>[39m
              [36m<p[39m
                
[33mclass[39m=[32m"mb-1"[39m
              [36m>[39m
                [36m<strong>[39m
                  [0mParent[0m
                [36m</strong>[39m
                [0m: A biological parent. Max 
two parents enforced.[0m
              [36m</p>[39m
              [36m<p[39m
                
[33mclass[39m=[32m"mb-1"[39m
              [36m>[39m
                [36m<strong>[39m
                  [0mChild[0m
                [36m</strong>[39m
                [0m: A biological child of 
the current person.[0m
              [36m</p>[39m
              [36m<p[39m
                
[33mclass[39m=[32m"mb-1"[39m
              [36m>[39m
                [36m<strong>[39m
                  [0mSpouse[0m
                [36m</strong>[39m
                [0m: Marriage relationship. 
Cannot be both a parent or child.[0m
              [36m</p>[39m
              [36m<p[39m
                
[33mclass[39m=[32m"mb-1"[39m
              [36m>[39m
                [36m<strong>[39m
                  [0mAdoptive/Step[0m
                [36m</strong>[39m
                [0m: Displayed for clarity, 
creation not yet supported.[0m
              [36m</p>[39m
            [36m</div>[39m
          [36m</div>[39m
        [36m</div>[39m
        [36m<div[39m
          [33mclass[39m=[32m"row g-3"[39m
        [36m>[39m
          [36m<div[39m
            [33mclass[39m=[32m"col-6"[39m
          [36m>[39m
            [36m<div[39m
              [33mclass[39m=[32m"card 
h-100"[39m
            [36m>[39m
              [36m<div[39m
                
[33mclass[39m=[32m"card-header"[39m
              [36m>[39m
                [0mSelect Existing Person[0m
              [36m</div>[39m
              [36m<div[39m
                
[33mclass[39m=[32m"card-body"[39m
              [36m>[39m
                [36m<div>[39m
                  [36m<button>[39m
                    [0mSelect P2[0m
                  [36m</button>[39m
                [36m</div>[39m
                [36m<div[39m
                  [33mclass[39m=[32m"mt-2 
d-flex justify-content-end"[39m
                [36m>[39m
                  [36m<button[39m
                    [33mclass[39m=[32m"btn 
btn-primary"[39m
                    
[33mdisabled[39m=[32m""[39m
                  [36m>[39m
                    [0mLinkingÔÇª[0m
                  [36m</button>[39m
                [36m</div>[39m
              [36m</div>[39m
            [36m</div>[39m
          [36m</div>[39m
          [36m<div[39m
            [33mclass[39m=[32m"col-6"[39m
          [36m>[39m
            [36m<div[39m
              [33mclass[39m=[32m"card 
h-100"[39m
            [36m>[39m
              [36m<div[39m
                
[33mclass[39m=[32m"card-header"[39m
              [36m>[39m
                [0mCreate New Person[0m
              [36m</div>[39m
              [36m<div[39m
                
[33mclass[39m=[32m"card-body"[39m
              [36m>[39m
                [36m<form[39m
                  [33mclass[39m=[32m"d-flex 
flex-column gap-2"[39m
                [36m>[39m
                  [36m<input[39m
                    
[33mclass[39m=[32m"form-control"[39m
                    
[33mplaceholder[39m=[32m"Person ID"[39m
                    
[33mrequired[39m=[32m""[39m
                    
[33mvalue[39m=[32m""[39m
                  [36m/>[39m
                  [36m<input[39m
                    
[33mclass[39m=[32m"form-control"[39m
                    
[33mplaceholder[39m=[32m"Full Name"[39m
                    
[33mrequired[39m=[32m""[39m
                    
[33mvalue[39m=[32m""[39m
                  [36m/>[39m
                  [36m<select[39m
                    
[33mclass[39m=[32m"form-select"[39m
                  [36m>[39m
                    [36m<option[39m
                      
[33mvalue[39m=[32m"MALE"[39m
                    [36m>[39m
                      [0mMale[0m
                    [36m</option>[39m
                    [36m<option[39m
                      
[33mvalue[39m=[32m"FEMALE"[39m
                    [36m>[39m
                      [0mFemale[0m
                    [36m</option>[39m
                    [36m<option[39m
                      
[33mvalue[39m=[32m"UNKNOWN"[39m
                    [36m>[39m
                      [0mUnknown[0m
                    [36m</option>[39m
                  [36m</select>[39m
                  [36m<input[39m
                    
[33mclass[39m=[32m"form-control"[39m
                    
[33mplaceholder[39m=[32m"Birth Date"[39m
                    
[33mtype[39m=[32m"date"[39m
                    
[33mvalue[39m=[32m""[39m
                  [36m/>[39m
                  [36m<input[39m
                    
[33mclass[39m=[32m"form-control"[39m
                    
[33mplaceholder[39m=[32m"Death Date"[39m
                    
[33mtype[39m=[32m"date"[39m
                    
[33mvalue[39m=[32m""[39m
                  [36m/>[39m
                  [36m<button[39m
                    [33mclass[39m=[32m"btn 
btn-success"[39m
                    
[33mtype[39m=[32m"submit"[39m
                  [36m>[39m
                    [0mCreate and Link[0m
                  [36m</button>[39m
                [36m</form>[39m
              [36m</div>[39m
            [36m</div>[39m
          [36m</div>[39m
        [36m</div>[39m
      [36m</div>[39m
    [36m</div>[39m
    [36m<div[39m
      [33mclass[39m=[32m"offcanvas-backdrop 
fade show"[39m
    [36m/>[39m
  [36m</div>[39m
[36m</body>[39m

Ignored nodes: comments, script, style
[36m<html>[39m
  [36m<head />[39m
  [36m<body>[39m
    [36m<div>[39m
      [36m<div[39m
        [33maria-labelledby[39m=[32m"relatio
nshipManagerOffcanvasLabel"[39m
        [33mclass[39m=[32m"offcanvas 
offcanvas-end show"[39m
        [33mid[39m=[32m"relationshipManagerO
ffcanvas"[39m
        [33mstyle[39m=[32m"visibility: 
visible; max-width: 720px; width: 100%;"[39m
        [33mtabindex[39m=[32m"-1"[39m
      [36m>[39m
        [36m<div[39m
          
[33mclass[39m=[32m"offcanvas-header 
border-bottom"[39m
        [36m>[39m
          [36m<h5[39m
            
[33mclass[39m=[32m"offcanvas-title"[39m
            [33mid[39m=[32m"relationshipMana
gerOffcanvasLabel"[39m
          [36m>[39m
            [0mAdd Relative for [0m
            [0mP1[0m
          [36m</h5>[39m
          [36m<button[39m
            
[33maria-label[39m=[32m"Close"[39m
            [33mclass[39m=[32m"btn-close 
text-reset"[39m
            [33mtype[39m=[32m"button"[39m
          [36m/>[39m
        [36m</div>[39m
        [36m<div[39m
          [33mclass[39m=[32m"offcanvas-body 
d-flex flex-column"[39m
        [36m>[39m
          [36m<div[39m
            [33mclass[39m=[32m"mb-3"[39m
          [36m>[39m
            [36m<label[39m
              
[33mclass[39m=[32m"form-label"[39m
            [36m>[39m
              [0mRelationship Type[0m
            [36m</label>[39m
            [36m<div>[39m
              [36m<div[39m
                [33mclass[39m=[32m"d-flex 
flex-wrap gap-2 mb-2"[39m
              [36m>[39m
                [36m<button[39m
                  [33mclass[39m=[32m"btn 
btn-sm btn-primary"[39m
                  
[33mtitle[39m=[32m"Biological parent of 
current person."[39m
                  
[33mtype[39m=[32m"button"[39m
                [36m>[39m
                  [0mParent[0m
                [36m</button>[39m
                [36m<button[39m
                  [33mclass[39m=[32m"btn 
btn-sm btn-outline-secondary"[39m
                  
[33mtitle[39m=[32m"Biological child of 
current person."[39m
                  
[33mtype[39m=[32m"button"[39m
                [36m>[39m
                  [0mChild[0m
                [36m</button>[39m
                [36m<button[39m
                  [33mclass[39m=[32m"btn 
btn-sm btn-outline-secondary"[39m
                  
[33mtitle[39m=[32m"Marriage 
relationship."[39m
                  
[33mtype[39m=[32m"button"[39m
                [36m>[39m
                  [0mSpouse[0m
                [36m</button>[39m
                [36m<button[39m
                  [33mclass[39m=[32m"btn 
btn-sm btn-outline-secondary"[39m
                  
[33mdisabled[39m=[32m""[39m
                  
[33mstyle[39m=[32m"border-style: 
dotted;"[39m
                  
[33mtitle[39m=[32m"Adoptive relationships 
are not yet supported."[39m
                  
[33mtype[39m=[32m"button"[39m
                [36m>[39m
                  [0mAdoptive Parent[0m
                [36m</button>[39m
                [36m<button[39m
                  [33mclass[39m=[32m"btn 
btn-sm btn-outline-secondary"[39m
                  
[33mdisabled[39m=[32m""[39m
                  
[33mstyle[39m=[32m"border-style: 
dashed;"[39m
                  
[33mtitle[39m=[32m"Step-parent 
relationships are not yet supported."[39m
                  
[33mtype[39m=[32m"button"[39m
                [36m>[39m
                  [0mStep-Parent[0m
                [36m</button>[39m
                [36m<button[39m
                  [33mclass[39m=[32m"btn 
btn-sm btn-outline-secondary"[39m
                  
[33mdisabled[39m=[32m""[39m
                  
[33mstyle[39m=[32m"border-style: 
dashed;"[39m
                  
[33mtitle[39m=[32m"Step-child relationships 
are not yet supported."[39m
                  
[33mtype[39m=[32m"button"[39m
                [36m>[39m
                  [0mStep-Child[0m
                [36m</button>[39m
              [36m</div>[39m
              [36m<div[39m
                
[33mclass[39m=[32m"text-muted small"[39m
              [36m>[39m
                [36m<p[39m
                  
[33mclass[39m=[32m"mb-1"[39m
                [36m>[39m
                  [36m<strong>[39m
                    [0mParent[0m
                  [36m</strong>[39m
                  [0m: A biological parent. 
Max two parents enforced.[0m
                [36m</p>[39m
                [36m<p[39m
                  
[33mclass[39m=[32m"mb-1"[39m
                [36m>[39m
                  [36m<strong>[39m
                    [0mChild[0m
                  [36m</strong>[39m
                  [0m: A biological child of 
the current person.[0m
                [36m</p>[39m
                [36m<p[39m
                  
[33mclass[39m=[32m"mb-1"[39m
                [36m>[39m
                  [36m<strong>[39m
                    [0mSpouse[0m
                  [36m</strong>[39m
                  [0m: Marriage relationship. 
Cannot be both a parent or child.[0m
                [36m</p>[39m
                [36m<p[39m
                  
[33mclass[39m=[32m"mb-1"[39m
                [36m>[39m
[2m Test Files [22m [1m[31m1 failed[39m[22m[2m | [22m[1m[32m2 passed[39m[22m[90m (3)[39m
[2m      Tests [22m [1m[31m4 failed[39m[22m[2m | [22m[1m[32m16 passed[39m[22m[90m (20)[39m
[2m   Start at [22m 22:31:03
[2m   Duration [22m 8.99s[2m (transform 282ms, setup 1.30s, collect 1.26s, tests 5.25s, environment 5.93s, prepare 1.08s)[22m

                  [36m<strong>[39m
                    [0mAdoptive/Step[0m
                  [36m</strong>[39m
                  [0m: Displayed for clarity, 
creation not yet supported.[0m
                [36m</p>[39m
              [36m</div>[39m
            [36m</div>[39m
          [36m</div>[39m
          [36m<div[39m
            [33mclass[39m=[32m"row g-3"[39m
          [36m>[39m
            [36m<div[39m
              [33mclass[39m=[32m"col-6"[39m
            [36m>[39m
              [36m<div[39m
                [33mclass[39m=[32m"card 
h-100"[39m
              [36m>[39m
                [36m<div[39m
                  
[33mclass[39m=[32m"card-header"[39m
                [36m>[39m
                  [0mSelect Existing 
Person[0m
                [36m</div>[39m
                [36m<div[39m
                  
[33mclass[39m=[32m"card-body"[39m
                [36m>[39m
                  [36m<div>[39m
                    [36m<button>[39m
                      [0mSelect P2[0m
                    [36m</button>[39m
                  [36m</div>[39m
                  [36m<div[39m
                    [33mclass[39m=[32m"mt-2 
d-flex justify-content-end"[39m
                  [36m>[39m
                    [36m<button[39m
                      
[33mclass[39m=[32m"btn btn-primary"[39m
                      
[33mdisabled[39m=[32m""[39m
                    [36m>[39m
                      [0mLinkingÔÇª[0m
                    [36m</button>[39m
                  [36m</div>[39m
                [36m</div>[39m
              [36m</div>[39m
            [36m</div>[39m
            [36m<div[39m
              [33mclass[39m=[32m"col-6"[39m
            [36m>[39m
              [36m<div[39m
                [33mclass[39m=[32m"card 
h-100"[39m
              [36m>[39m
                [36m<div[39m
                  
[33mclass[39m=[32m"card-header"[39m
                [36m>[39m
                  [0mCreate New Person[0m
                [36m</div>[39m
                [36m<div[39m
                  
[33mclass[39m=[32m"card-body"[39m
                [36m>[39m
                  [36m<form[39m
                    
[33mclass[39m=[32m"d-flex flex-column 
gap-2"[39m
                  [36m>[39m
                    [36m<input[39m
                      
[33mclass[39m=[32m"form-control"[39m
                      
[33mplaceholder[39m=[32m"Person ID"[39m
                      
[33mrequired[39m=[32m""[39m
                      
[33mvalue[39m=[32m""[39m
                    [36m/>[39m
                    [36m<input[39m
                      
[33mclass[39m=[32m"form-control"[39m
                      
[33mplaceholder[39m=[32m"Full Name"[39m
                      
[33mrequired[39m=[32m""[39m
                      
[33mvalue[39m=[32m""[39m
                    [36m/>[39m
                    [36m<select[39m
                      
[33mclass[39m=[32m"form-select"[39m
                    [36m>[39m
                      [36m<option[39m
                        
[33mvalue[39m=[32m"MALE"[39m
                      [36m>[39m
                        [0mMale[0m
                      [36m</option>[39m
                      [36m<option[39m
                        
[33mvalue[39m=[32m"FEMALE"[39m
                      [36m>[39m
                        [0mFemale[0m
                      [36m</option>[39m
                      [36m<option[39m
                        
[33mvalue[39m=[32m"UNKNOWN"[39m
                      [36m>[39m
                        [0mUnknown[0m
                      [36m</option>[39m
                    [36m</select>[39m
                    [36m<input[39m
                      
[33mclass[39m=[32m"form-control"[39m
                      
[33mplaceholder[39m=[32m"Birth Date"[39m
                      
[33mtype[39m=[32m"date"[39m
                      
[33mvalue[39m=[32m""[39m
                    [36m/>[39m
                    [36m<input[39m
                      
[33mclass[39m=[32m"form-control"[39m
                      
[33mplaceholder[39m=[32m"Death Date"[39m
                      
[33mtype[39m=[32m"date"[39m
                      
[33mvalue[39m=[32m""[39m
                    [36m/>[39m
                    [36m<button[39m
                      
[33mclass[39m=[32m"btn btn-success"[39m
                      
[33mtype[39m=[32m"submit"[39m
                    [36m>[39m
                      [0mCreate and Link[0m
                    [36m</button>[39m
                  [36m</form>[39m
                [36m</div>[39m
              [36m</div>[39m
            [36m</div>[39m
          [36m</div>[39m
        [36m</div>[39m
      [36m</div>[39m
      [36m<div[39m
        
[33mclass[39m=[32m"offcanvas-backdrop fade 
show"[39m
      [36m/>[39m
    [36m</div>[39m
  [36m</body>[39m
[36m</html>[39m
[90m [2mÔØ»[22m Proxy.waitForWrapper node_mo
dules/@testing-library/react/node_modules/@test
ing-library/dom/dist/wait-for.js:[2m163:27[22
m[39m
[36m [2mÔØ»[22m src/__tests__/relationshipIn
tegration.test.tsx:[2m132:11[22m[39m
    [90m130| [39m    [35mawait[39m userEven
t[33m.[39m[34mclick[39m(screen[33m.[39m[
34mgetByRole[39m([32m'button'[39m[33m,[39m
 { name[33m:[39m [36m/Link Sel[39mÔÇª
    [90m131| [39m
    [90m132| [39m    [35mawait[39m 
[34mwaitFor[39m(() [33m=>[39m {
    [90m   | [39m          [31m^[39m
    [90m133| [39m      [34mexpect[39m(scree
n[33m.[39m[34mgetByText[39m([36m/Server 
is having trouble/i[39m))[33m.[39m[34mtoBeI
nTheD[39mÔÇª
    [90m134| [39m    })[33m;[39m

[31m[2mÔÄ»ÔÄ»ÔÄ»ÔÄ»ÔÄ»ÔÄ»ÔÄ»ÔÄ»ÔÄ»ÔÄ»ÔÄ»ÔÄ»ÔÄ
»ÔÄ»ÔÄ»ÔÄ»ÔÄ»ÔÄ»ÔÄ»ÔÄ»ÔÄ»ÔÄ»ÔÄ»ÔÄ»[4/4]ÔÄ»[22m
[39m

